[TeeLogger] Saving terminal output to:
            d:\labdatanew@aniket\unet++\outputs\terminal_20260531_161118.log

[1/5] Loading dataset …
      TRAIN ← d:/labdatanew@aniket/500_rgb_mask/
      TEST  ← d:/labdatanew@aniket/137_rgb_mask/
[TRAIN] Loaded 500 pairs  |  skipped 0  from d:\labdatanew@aniket\500_rgb_mask\RGB
[TEST] Loaded 137 pairs  |  skipped 0  from d:\labdatanew@aniket\137_rgb_mask\RGB
      Train: (500, 256, 256, 3)  |  Test: (137, 256, 256, 3)

[2/5] Building UNet++ model …
      Variant       : UNet++ with ResNet50 encoder (ImageNet)
      Freeze layers : first 120 backbone layers
      Frozen params : 0 backbone sub-layers
Model: "UNetPlusPlus_ResNet50"
┏━━━━━━━━━━━━━━━━━━━━━━━━━━━━━━━━┳━━━━━━━━━━━━━━━━━━━━━━━━━━━┳━━━━━━━━
┃ Layer (type)                   ┃ Output Shape              ┃        
┡━━━━━━━━━━━━━━━━━━━━━━━━━━━━━━━━╇━━━━━━━━━━━━━━━━━━━━━━━━━━━╇━━━━━━━━
│ rgb_input (InputLayer)         │ (None, 256, 256, 3)       │        
├────────────────────────────────┼───────────────────────────┼────────
│ conv1_pad (ZeroPadding2D)      │ (None, 262, 262, 3)       │        
├────────────────────────────────┼───────────────────────────┼────────
│ conv1_conv (Conv2D)            │ (None, 128, 128, 64)      │        
├────────────────────────────────┼───────────────────────────┼────────
│ conv1_bn (BatchNormalization)  │ (None, 128, 128, 64)      │        
├────────────────────────────────┼───────────────────────────┼────────
│ conv1_relu (Activation)        │ (None, 128, 128, 64)      │        
├────────────────────────────────┼───────────────────────────┼────────
│ pool1_pad (ZeroPadding2D)      │ (None, 130, 130, 64)      │        
├────────────────────────────────┼───────────────────────────┼────────
│ pool1_pool (MaxPooling2D)      │ (None, 64, 64, 64)        │        
├────────────────────────────────┼───────────────────────────┼────────
│ conv2_block1_1_conv (Conv2D)   │ (None, 64, 64, 64)        │        
├────────────────────────────────┼───────────────────────────┼────────
│ conv2_block1_1_bn              │ (None, 64, 64, 64)        │        
│ (BatchNormalization)           │                           │        
├────────────────────────────────┼───────────────────────────┼────────
│ conv2_block1_1_relu            │ (None, 64, 64, 64)        │        
│ (Activation)                   │                           │        
├────────────────────────────────┼───────────────────────────┼────────
│ conv2_block1_2_conv (Conv2D)   │ (None, 64, 64, 64)        │        
├────────────────────────────────┼───────────────────────────┼────────
│ conv2_block1_2_bn              │ (None, 64, 64, 64)        │        
│ (BatchNormalization)           │                           │        
├────────────────────────────────┼───────────────────────────┼────────
│ conv2_block1_2_relu            │ (None, 64, 64, 64)        │        
│ (Activation)                   │                           │        
├────────────────────────────────┼───────────────────────────┼────────
│ conv2_block1_0_conv (Conv2D)   │ (None, 64, 64, 256)       │        
├────────────────────────────────┼───────────────────────────┼────────
│ conv2_block1_3_conv (Conv2D)   │ (None, 64, 64, 256)       │        
├────────────────────────────────┼───────────────────────────┼────────
│ conv2_block1_0_bn              │ (None, 64, 64, 256)       │        
│ (BatchNormalization)           │                           │        
├────────────────────────────────┼───────────────────────────┼────────
│ conv2_block1_3_bn              │ (None, 64, 64, 256)       │        
│ (BatchNormalization)           │                           │        
├────────────────────────────────┼───────────────────────────┼────────
│ conv2_block1_add (Add)         │ (None, 64, 64, 256)       │        
│                                │                           │        
├────────────────────────────────┼───────────────────────────┼────────
│ conv2_block1_out (Activation)  │ (None, 64, 64, 256)       │        
├────────────────────────────────┼───────────────────────────┼────────
│ conv2_block2_1_conv (Conv2D)   │ (None, 64, 64, 64)        │        
├────────────────────────────────┼───────────────────────────┼────────
│ conv2_block2_1_bn              │ (None, 64, 64, 64)        │        
│ (BatchNormalization)           │                           │        
├────────────────────────────────┼───────────────────────────┼────────
│ conv2_block2_1_relu            │ (None, 64, 64, 64)        │        
│ (Activation)                   │                           │        
├────────────────────────────────┼───────────────────────────┼────────
│ conv2_block2_2_conv (Conv2D)   │ (None, 64, 64, 64)        │        
├────────────────────────────────┼───────────────────────────┼────────
│ conv2_block2_2_bn              │ (None, 64, 64, 64)        │        
│ (BatchNormalization)           │                           │        
├────────────────────────────────┼───────────────────────────┼────────
│ conv2_block2_2_relu            │ (None, 64, 64, 64)        │        
│ (Activation)                   │                           │        
├────────────────────────────────┼───────────────────────────┼────────
│ conv2_block2_3_conv (Conv2D)   │ (None, 64, 64, 256)       │        
├────────────────────────────────┼───────────────────────────┼────────
│ conv2_block2_3_bn              │ (None, 64, 64, 256)       │        
│ (BatchNormalization)           │                           │        
├────────────────────────────────┼───────────────────────────┼────────
│ conv2_block2_add (Add)         │ (None, 64, 64, 256)       │        
│                                │                           │        
├────────────────────────────────┼───────────────────────────┼────────
│ conv2_block2_out (Activation)  │ (None, 64, 64, 256)       │        
├────────────────────────────────┼───────────────────────────┼────────
│ conv2_block3_1_conv (Conv2D)   │ (None, 64, 64, 64)        │        
├────────────────────────────────┼───────────────────────────┼────────
│ conv2_block3_1_bn              │ (None, 64, 64, 64)        │        
│ (BatchNormalization)           │                           │        
├────────────────────────────────┼───────────────────────────┼────────
│ conv2_block3_1_relu            │ (None, 64, 64, 64)        │        
│ (Activation)                   │                           │        
├────────────────────────────────┼───────────────────────────┼────────
│ conv2_block3_2_conv (Conv2D)   │ (None, 64, 64, 64)        │        
├────────────────────────────────┼───────────────────────────┼────────
│ conv2_block3_2_bn              │ (None, 64, 64, 64)        │        
│ (BatchNormalization)           │                           │        
├────────────────────────────────┼───────────────────────────┼────────
│ conv2_block3_2_relu            │ (None, 64, 64, 64)        │        
│ (Activation)                   │                           │        
├────────────────────────────────┼───────────────────────────┼────────
│ conv2_block3_3_conv (Conv2D)   │ (None, 64, 64, 256)       │        
├────────────────────────────────┼───────────────────────────┼────────
│ conv2_block3_3_bn              │ (None, 64, 64, 256)       │        
│ (BatchNormalization)           │                           │        
├────────────────────────────────┼───────────────────────────┼────────
│ conv2_block3_add (Add)         │ (None, 64, 64, 256)       │        
│                                │                           │        
├────────────────────────────────┼───────────────────────────┼────────
│ conv2_block3_out (Activation)  │ (None, 64, 64, 256)       │        
├────────────────────────────────┼───────────────────────────┼────────
│ conv3_block1_1_conv (Conv2D)   │ (None, 32, 32, 128)       │        
├────────────────────────────────┼───────────────────────────┼────────
│ conv3_block1_1_bn              │ (None, 32, 32, 128)       │        
│ (BatchNormalization)           │                           │        
├────────────────────────────────┼───────────────────────────┼────────
│ conv3_block1_1_relu            │ (None, 32, 32, 128)       │        
│ (Activation)                   │                           │        
├────────────────────────────────┼───────────────────────────┼────────
│ conv3_block1_2_conv (Conv2D)   │ (None, 32, 32, 128)       │        
├────────────────────────────────┼───────────────────────────┼────────
│ conv3_block1_2_bn              │ (None, 32, 32, 128)       │        
│ (BatchNormalization)           │                           │        
├────────────────────────────────┼───────────────────────────┼────────
│ conv3_block1_2_relu            │ (None, 32, 32, 128)       │        
│ (Activation)                   │                           │        
├────────────────────────────────┼───────────────────────────┼────────
│ conv3_block1_0_conv (Conv2D)   │ (None, 32, 32, 512)       │        
├────────────────────────────────┼───────────────────────────┼────────
│ conv3_block1_3_conv (Conv2D)   │ (None, 32, 32, 512)       │        
├────────────────────────────────┼───────────────────────────┼────────
│ conv3_block1_0_bn              │ (None, 32, 32, 512)       │        
│ (BatchNormalization)           │                           │        
├────────────────────────────────┼───────────────────────────┼────────
│ conv3_block1_3_bn              │ (None, 32, 32, 512)       │        
│ (BatchNormalization)           │                           │        
├────────────────────────────────┼───────────────────────────┼────────
│ conv3_block1_add (Add)         │ (None, 32, 32, 512)       │        
│                                │                           │        
├────────────────────────────────┼───────────────────────────┼────────
│ conv3_block1_out (Activation)  │ (None, 32, 32, 512)       │        
├────────────────────────────────┼───────────────────────────┼────────
│ conv3_block2_1_conv (Conv2D)   │ (None, 32, 32, 128)       │        
├────────────────────────────────┼───────────────────────────┼────────
│ conv3_block2_1_bn              │ (None, 32, 32, 128)       │        
│ (BatchNormalization)           │                           │        
├────────────────────────────────┼───────────────────────────┼────────
│ conv3_block2_1_relu            │ (None, 32, 32, 128)       │        
│ (Activation)                   │                           │        
├────────────────────────────────┼───────────────────────────┼────────
│ conv3_block2_2_conv (Conv2D)   │ (None, 32, 32, 128)       │        
├────────────────────────────────┼───────────────────────────┼────────
│ conv3_block2_2_bn              │ (None, 32, 32, 128)       │        
│ (BatchNormalization)           │                           │        
├────────────────────────────────┼───────────────────────────┼────────
│ conv3_block2_2_relu            │ (None, 32, 32, 128)       │        
│ (Activation)                   │                           │        
├────────────────────────────────┼───────────────────────────┼────────
│ conv3_block2_3_conv (Conv2D)   │ (None, 32, 32, 512)       │        
├────────────────────────────────┼───────────────────────────┼────────
│ conv3_block2_3_bn              │ (None, 32, 32, 512)       │        
│ (BatchNormalization)           │                           │        
├────────────────────────────────┼───────────────────────────┼────────
│ conv3_block2_add (Add)         │ (None, 32, 32, 512)       │        
│                                │                           │        
├────────────────────────────────┼───────────────────────────┼────────
│ conv3_block2_out (Activation)  │ (None, 32, 32, 512)       │        
├────────────────────────────────┼───────────────────────────┼────────
│ conv3_block3_1_conv (Conv2D)   │ (None, 32, 32, 128)       │        
├────────────────────────────────┼───────────────────────────┼────────
│ conv3_block3_1_bn              │ (None, 32, 32, 128)       │        
│ (BatchNormalization)           │                           │        
├────────────────────────────────┼───────────────────────────┼────────
│ conv3_block3_1_relu            │ (None, 32, 32, 128)       │        
│ (Activation)                   │                           │        
├────────────────────────────────┼───────────────────────────┼────────
│ conv3_block3_2_conv (Conv2D)   │ (None, 32, 32, 128)       │        
├────────────────────────────────┼───────────────────────────┼────────
│ conv3_block3_2_bn              │ (None, 32, 32, 128)       │        
│ (BatchNormalization)           │                           │        
├────────────────────────────────┼───────────────────────────┼────────
│ conv3_block3_2_relu            │ (None, 32, 32, 128)       │        
│ (Activation)                   │                           │        
├────────────────────────────────┼───────────────────────────┼────────
│ conv3_block3_3_conv (Conv2D)   │ (None, 32, 32, 512)       │        
├────────────────────────────────┼───────────────────────────┼────────
│ conv3_block3_3_bn              │ (None, 32, 32, 512)       │        
│ (BatchNormalization)           │                           │        
├────────────────────────────────┼───────────────────────────┼────────
│ conv3_block3_add (Add)         │ (None, 32, 32, 512)       │        
│                                │                           │        
├────────────────────────────────┼───────────────────────────┼────────
│ conv3_block3_out (Activation)  │ (None, 32, 32, 512)       │        
├────────────────────────────────┼───────────────────────────┼────────
│ conv3_block4_1_conv (Conv2D)   │ (None, 32, 32, 128)       │        
├────────────────────────────────┼───────────────────────────┼────────
│ conv3_block4_1_bn              │ (None, 32, 32, 128)       │        
│ (BatchNormalization)           │                           │        
├────────────────────────────────┼───────────────────────────┼────────
│ conv3_block4_1_relu            │ (None, 32, 32, 128)       │        
│ (Activation)                   │                           │        
├────────────────────────────────┼───────────────────────────┼────────
│ conv3_block4_2_conv (Conv2D)   │ (None, 32, 32, 128)       │        
├────────────────────────────────┼───────────────────────────┼────────
│ conv3_block4_2_bn              │ (None, 32, 32, 128)       │        
│ (BatchNormalization)           │                           │        
├────────────────────────────────┼───────────────────────────┼────────
│ conv3_block4_2_relu            │ (None, 32, 32, 128)       │        
│ (Activation)                   │                           │        
├────────────────────────────────┼───────────────────────────┼────────
│ conv3_block4_3_conv (Conv2D)   │ (None, 32, 32, 512)       │        
├────────────────────────────────┼───────────────────────────┼────────
│ conv3_block4_3_bn              │ (None, 32, 32, 512)       │        
│ (BatchNormalization)           │                           │        
├────────────────────────────────┼───────────────────────────┼────────
│ conv3_block4_add (Add)         │ (None, 32, 32, 512)       │        
│                                │                           │        
├────────────────────────────────┼───────────────────────────┼────────
│ conv3_block4_out (Activation)  │ (None, 32, 32, 512)       │        
├────────────────────────────────┼───────────────────────────┼────────
│ conv4_block1_1_conv (Conv2D)   │ (None, 16, 16, 256)       │        
├────────────────────────────────┼───────────────────────────┼────────
│ conv4_block1_1_bn              │ (None, 16, 16, 256)       │        
│ (BatchNormalization)           │                           │        
├────────────────────────────────┼───────────────────────────┼────────
│ conv4_block1_1_relu            │ (None, 16, 16, 256)       │        
│ (Activation)                   │                           │        
├────────────────────────────────┼───────────────────────────┼────────
│ conv4_block1_2_conv (Conv2D)   │ (None, 16, 16, 256)       │        
├────────────────────────────────┼───────────────────────────┼────────
│ conv4_block1_2_bn              │ (None, 16, 16, 256)       │        
│ (BatchNormalization)           │                           │        
├────────────────────────────────┼───────────────────────────┼────────
│ conv4_block1_2_relu            │ (None, 16, 16, 256)       │        
│ (Activation)                   │                           │        
├────────────────────────────────┼───────────────────────────┼────────
│ conv4_block1_0_conv (Conv2D)   │ (None, 16, 16, 1024)      │        
├────────────────────────────────┼───────────────────────────┼────────
│ conv4_block1_3_conv (Conv2D)   │ (None, 16, 16, 1024)      │        
├────────────────────────────────┼───────────────────────────┼────────
│ conv4_block1_0_bn              │ (None, 16, 16, 1024)      │        
│ (BatchNormalization)           │                           │        
├────────────────────────────────┼───────────────────────────┼────────
│ conv4_block1_3_bn              │ (None, 16, 16, 1024)      │        
│ (BatchNormalization)           │                           │        
├────────────────────────────────┼───────────────────────────┼────────
│ conv4_block1_add (Add)         │ (None, 16, 16, 1024)      │        
│                                │                           │        
├────────────────────────────────┼───────────────────────────┼────────
│ conv4_block1_out (Activation)  │ (None, 16, 16, 1024)      │        
├────────────────────────────────┼───────────────────────────┼────────
│ conv4_block2_1_conv (Conv2D)   │ (None, 16, 16, 256)       │        
├────────────────────────────────┼───────────────────────────┼────────
│ conv4_block2_1_bn              │ (None, 16, 16, 256)       │        
│ (BatchNormalization)           │                           │        
├────────────────────────────────┼───────────────────────────┼────────
│ conv4_block2_1_relu            │ (None, 16, 16, 256)       │        
│ (Activation)                   │                           │        
├────────────────────────────────┼───────────────────────────┼────────
│ conv4_block2_2_conv (Conv2D)   │ (None, 16, 16, 256)       │        
├────────────────────────────────┼───────────────────────────┼────────
│ conv4_block2_2_bn              │ (None, 16, 16, 256)       │        
│ (BatchNormalization)           │                           │        
├────────────────────────────────┼───────────────────────────┼────────
│ conv4_block2_2_relu            │ (None, 16, 16, 256)       │        
│ (Activation)                   │                           │        
├────────────────────────────────┼───────────────────────────┼────────
│ conv4_block2_3_conv (Conv2D)   │ (None, 16, 16, 1024)      │        
├────────────────────────────────┼───────────────────────────┼────────
│ conv4_block2_3_bn              │ (None, 16, 16, 1024)      │        
│ (BatchNormalization)           │                           │        
├────────────────────────────────┼───────────────────────────┼────────
│ conv4_block2_add (Add)         │ (None, 16, 16, 1024)      │        
│                                │                           │        
├────────────────────────────────┼───────────────────────────┼────────
│ conv4_block2_out (Activation)  │ (None, 16, 16, 1024)      │        
├────────────────────────────────┼───────────────────────────┼────────
│ conv4_block3_1_conv (Conv2D)   │ (None, 16, 16, 256)       │        
├────────────────────────────────┼───────────────────────────┼────────
│ conv4_block3_1_bn              │ (None, 16, 16, 256)       │        
│ (BatchNormalization)           │                           │        
├────────────────────────────────┼───────────────────────────┼────────
│ conv4_block3_1_relu            │ (None, 16, 16, 256)       │        
│ (Activation)                   │                           │        
├────────────────────────────────┼───────────────────────────┼────────
│ conv4_block3_2_conv (Conv2D)   │ (None, 16, 16, 256)       │        
├────────────────────────────────┼───────────────────────────┼────────
│ conv4_block3_2_bn              │ (None, 16, 16, 256)       │        
│ (BatchNormalization)           │                           │        
├────────────────────────────────┼───────────────────────────┼────────
│ conv4_block3_2_relu            │ (None, 16, 16, 256)       │        
│ (Activation)                   │                           │        
├────────────────────────────────┼───────────────────────────┼────────
│ conv4_block3_3_conv (Conv2D)   │ (None, 16, 16, 1024)      │        
├────────────────────────────────┼───────────────────────────┼────────
│ conv4_block3_3_bn              │ (None, 16, 16, 1024)      │        
│ (BatchNormalization)           │                           │        
├────────────────────────────────┼───────────────────────────┼────────
│ conv4_block3_add (Add)         │ (None, 16, 16, 1024)      │        
│                                │                           │        
├────────────────────────────────┼───────────────────────────┼────────
│ conv4_block3_out (Activation)  │ (None, 16, 16, 1024)      │        
├────────────────────────────────┼───────────────────────────┼────────
│ conv4_block4_1_conv (Conv2D)   │ (None, 16, 16, 256)       │        
├────────────────────────────────┼───────────────────────────┼────────
│ conv4_block4_1_bn              │ (None, 16, 16, 256)       │        
│ (BatchNormalization)           │                           │        
├────────────────────────────────┼───────────────────────────┼────────
│ conv4_block4_1_relu            │ (None, 16, 16, 256)       │        
│ (Activation)                   │                           │        
├────────────────────────────────┼───────────────────────────┼────────
│ conv4_block4_2_conv (Conv2D)   │ (None, 16, 16, 256)       │        
├────────────────────────────────┼───────────────────────────┼────────
│ conv4_block4_2_bn              │ (None, 16, 16, 256)       │        
│ (BatchNormalization)           │                           │        
├────────────────────────────────┼───────────────────────────┼────────
│ conv4_block4_2_relu            │ (None, 16, 16, 256)       │        
│ (Activation)                   │                           │        
├────────────────────────────────┼───────────────────────────┼────────
│ conv4_block4_3_conv (Conv2D)   │ (None, 16, 16, 1024)      │        
├────────────────────────────────┼───────────────────────────┼────────
│ conv4_block4_3_bn              │ (None, 16, 16, 1024)      │        
│ (BatchNormalization)           │                           │        
├────────────────────────────────┼───────────────────────────┼────────
│ conv4_block4_add (Add)         │ (None, 16, 16, 1024)      │        
│                                │                           │        
├────────────────────────────────┼───────────────────────────┼────────
│ conv4_block4_out (Activation)  │ (None, 16, 16, 1024)      │        
├────────────────────────────────┼───────────────────────────┼────────
│ conv4_block5_1_conv (Conv2D)   │ (None, 16, 16, 256)       │        
├────────────────────────────────┼───────────────────────────┼────────
│ conv4_block5_1_bn              │ (None, 16, 16, 256)       │        
│ (BatchNormalization)           │                           │        
├────────────────────────────────┼───────────────────────────┼────────
│ conv4_block5_1_relu            │ (None, 16, 16, 256)       │        
│ (Activation)                   │                           │        
├────────────────────────────────┼───────────────────────────┼────────
│ conv4_block5_2_conv (Conv2D)   │ (None, 16, 16, 256)       │        
├────────────────────────────────┼───────────────────────────┼────────
│ conv4_block5_2_bn              │ (None, 16, 16, 256)       │        
│ (BatchNormalization)           │                           │        
├────────────────────────────────┼───────────────────────────┼────────
│ conv4_block5_2_relu            │ (None, 16, 16, 256)       │        
│ (Activation)                   │                           │        
├────────────────────────────────┼───────────────────────────┼────────
│ conv4_block5_3_conv (Conv2D)   │ (None, 16, 16, 1024)      │        
├────────────────────────────────┼───────────────────────────┼────────
│ conv4_block5_3_bn              │ (None, 16, 16, 1024)      │        
│ (BatchNormalization)           │                           │        
├────────────────────────────────┼───────────────────────────┼────────
│ conv4_block5_add (Add)         │ (None, 16, 16, 1024)      │        
│                                │                           │        
├────────────────────────────────┼───────────────────────────┼────────
│ conv4_block5_out (Activation)  │ (None, 16, 16, 1024)      │        
├────────────────────────────────┼───────────────────────────┼────────
│ conv4_block6_1_conv (Conv2D)   │ (None, 16, 16, 256)       │        
├────────────────────────────────┼───────────────────────────┼────────
│ conv4_block6_1_bn              │ (None, 16, 16, 256)       │        
│ (BatchNormalization)           │                           │        
├────────────────────────────────┼───────────────────────────┼────────
│ conv4_block6_1_relu            │ (None, 16, 16, 256)       │        
│ (Activation)                   │                           │        
├────────────────────────────────┼───────────────────────────┼────────
│ conv4_block6_2_conv (Conv2D)   │ (None, 16, 16, 256)       │        
├────────────────────────────────┼───────────────────────────┼────────
│ conv4_block6_2_bn              │ (None, 16, 16, 256)       │        
│ (BatchNormalization)           │                           │        
├────────────────────────────────┼───────────────────────────┼────────
│ conv4_block6_2_relu            │ (None, 16, 16, 256)       │        
│ (Activation)                   │                           │        
├────────────────────────────────┼───────────────────────────┼────────
│ conv4_block6_3_conv (Conv2D)   │ (None, 16, 16, 1024)      │        
├────────────────────────────────┼───────────────────────────┼────────
│ conv4_block6_3_bn              │ (None, 16, 16, 1024)      │        
│ (BatchNormalization)           │                           │        
├────────────────────────────────┼───────────────────────────┼────────
│ conv4_block6_add (Add)         │ (None, 16, 16, 1024)      │        
│                                │                           │        
├────────────────────────────────┼───────────────────────────┼────────
│ conv4_block6_out (Activation)  │ (None, 16, 16, 1024)      │        
├────────────────────────────────┼───────────────────────────┼────────
│ conv5_block1_1_conv (Conv2D)   │ (None, 8, 8, 512)         │        
├────────────────────────────────┼───────────────────────────┼────────
│ conv5_block1_1_bn              │ (None, 8, 8, 512)         │        
│ (BatchNormalization)           │                           │        
├────────────────────────────────┼───────────────────────────┼────────
│ conv5_block1_1_relu            │ (None, 8, 8, 512)         │        
│ (Activation)                   │                           │        
├────────────────────────────────┼───────────────────────────┼────────
│ conv5_block1_2_conv (Conv2D)   │ (None, 8, 8, 512)         │        
├────────────────────────────────┼───────────────────────────┼────────
│ conv5_block1_2_bn              │ (None, 8, 8, 512)         │        
│ (BatchNormalization)           │                           │        
├────────────────────────────────┼───────────────────────────┼────────
│ conv5_block1_2_relu            │ (None, 8, 8, 512)         │        
│ (Activation)                   │                           │        
├────────────────────────────────┼───────────────────────────┼────────
│ conv5_block1_0_conv (Conv2D)   │ (None, 8, 8, 2048)        │        
├────────────────────────────────┼───────────────────────────┼────────
│ conv5_block1_3_conv (Conv2D)   │ (None, 8, 8, 2048)        │        
├────────────────────────────────┼───────────────────────────┼────────
│ conv5_block1_0_bn              │ (None, 8, 8, 2048)        │        
│ (BatchNormalization)           │                           │        
├────────────────────────────────┼───────────────────────────┼────────
│ conv5_block1_3_bn              │ (None, 8, 8, 2048)        │        
│ (BatchNormalization)           │                           │        
├────────────────────────────────┼───────────────────────────┼────────
│ conv5_block1_add (Add)         │ (None, 8, 8, 2048)        │        
│                                │                           │        
├────────────────────────────────┼───────────────────────────┼────────
│ conv5_block1_out (Activation)  │ (None, 8, 8, 2048)        │        
├────────────────────────────────┼───────────────────────────┼────────
│ conv5_block2_1_conv (Conv2D)   │ (None, 8, 8, 512)         │        
├────────────────────────────────┼───────────────────────────┼────────
│ conv5_block2_1_bn              │ (None, 8, 8, 512)         │        
│ (BatchNormalization)           │                           │        
├────────────────────────────────┼───────────────────────────┼────────
│ conv5_block2_1_relu            │ (None, 8, 8, 512)         │        
│ (Activation)                   │                           │        
├────────────────────────────────┼───────────────────────────┼────────
│ conv5_block2_2_conv (Conv2D)   │ (None, 8, 8, 512)         │        
├────────────────────────────────┼───────────────────────────┼────────
│ conv5_block2_2_bn              │ (None, 8, 8, 512)         │        
│ (BatchNormalization)           │                           │        
├────────────────────────────────┼───────────────────────────┼────────
│ conv5_block2_2_relu            │ (None, 8, 8, 512)         │        
│ (Activation)                   │                           │        
├────────────────────────────────┼───────────────────────────┼────────
│ conv5_block2_3_conv (Conv2D)   │ (None, 8, 8, 2048)        │        
├────────────────────────────────┼───────────────────────────┼────────
│ conv5_block2_3_bn              │ (None, 8, 8, 2048)        │        
│ (BatchNormalization)           │                           │        
├────────────────────────────────┼───────────────────────────┼────────
│ conv5_block2_add (Add)         │ (None, 8, 8, 2048)        │        
│                                │                           │        
├────────────────────────────────┼───────────────────────────┼────────
│ conv5_block2_out (Activation)  │ (None, 8, 8, 2048)        │        
├────────────────────────────────┼───────────────────────────┼────────
│ conv5_block3_1_conv (Conv2D)   │ (None, 8, 8, 512)         │        
├────────────────────────────────┼───────────────────────────┼────────
│ conv5_block3_1_bn              │ (None, 8, 8, 512)         │        
│ (BatchNormalization)           │                           │        
├────────────────────────────────┼───────────────────────────┼────────
│ conv5_block3_1_relu            │ (None, 8, 8, 512)         │        
│ (Activation)                   │                           │        
├────────────────────────────────┼───────────────────────────┼────────
│ conv5_block3_2_conv (Conv2D)   │ (None, 8, 8, 512)         │        
├────────────────────────────────┼───────────────────────────┼────────
│ conv5_block3_2_bn              │ (None, 8, 8, 512)         │        
│ (BatchNormalization)           │                           │        
├────────────────────────────────┼───────────────────────────┼────────
│ conv5_block3_2_relu            │ (None, 8, 8, 512)         │        
│ (Activation)                   │                           │        
├────────────────────────────────┼───────────────────────────┼────────
│ conv5_block3_3_conv (Conv2D)   │ (None, 8, 8, 2048)        │        
├────────────────────────────────┼───────────────────────────┼────────
│ conv5_block3_3_bn              │ (None, 8, 8, 2048)        │        
│ (BatchNormalization)           │                           │        
├────────────────────────────────┼───────────────────────────┼────────
│ conv5_block3_add (Add)         │ (None, 8, 8, 2048)        │        
│                                │                           │        
├────────────────────────────────┼───────────────────────────┼────────
│ conv5_block3_out (Activation)  │ (None, 8, 8, 2048)        │        
├────────────────────────────────┼───────────────────────────┼────────
│ enc4_conv1 (Conv2D)            │ (None, 8, 8, 128)         │        
├────────────────────────────────┼───────────────────────────┼────────
│ enc3_conv1 (Conv2D)            │ (None, 16, 16, 128)       │        
├────────────────────────────────┼───────────────────────────┼────────
│ enc4_bn1 (BatchNormalization)  │ (None, 8, 8, 128)         │        
├────────────────────────────────┼───────────────────────────┼────────
│ enc2_conv1 (Conv2D)            │ (None, 32, 32, 128)       │        
├────────────────────────────────┼───────────────────────────┼────────
│ enc3_bn1 (BatchNormalization)  │ (None, 16, 16, 128)       │        
├────────────────────────────────┼───────────────────────────┼────────
│ enc4_relu1 (Activation)        │ (None, 8, 8, 128)         │        
├────────────────────────────────┼───────────────────────────┼────────
│ enc1_conv1 (Conv2D)            │ (None, 64, 64, 128)       │        
├────────────────────────────────┼───────────────────────────┼────────
│ enc2_bn1 (BatchNormalization)  │ (None, 32, 32, 128)       │        
├────────────────────────────────┼───────────────────────────┼────────
│ enc3_relu1 (Activation)        │ (None, 16, 16, 128)       │        
├────────────────────────────────┼───────────────────────────┼────────
│ dropout_4 (Dropout)            │ (None, 8, 8, 128)         │        
├────────────────────────────────┼───────────────────────────┼────────
│ enc0_conv1 (Conv2D)            │ (None, 128, 128, 128)     │        
├────────────────────────────────┼───────────────────────────┼────────
│ enc1_bn1 (BatchNormalization)  │ (None, 64, 64, 128)       │        
├────────────────────────────────┼───────────────────────────┼────────
│ enc2_relu1 (Activation)        │ (None, 32, 32, 128)       │        
├────────────────────────────────┼───────────────────────────┼────────
│ dropout_3 (Dropout)            │ (None, 16, 16, 128)       │        
├────────────────────────────────┼───────────────────────────┼────────
│ enc4_conv2 (Conv2D)            │ (None, 8, 8, 128)         │        
├────────────────────────────────┼───────────────────────────┼────────
│ enc0_bn1 (BatchNormalization)  │ (None, 128, 128, 128)     │        
├────────────────────────────────┼───────────────────────────┼────────
│ enc1_relu1 (Activation)        │ (None, 64, 64, 128)       │        
├────────────────────────────────┼───────────────────────────┼────────
│ dropout_2 (Dropout)            │ (None, 32, 32, 128)       │        
├────────────────────────────────┼───────────────────────────┼────────
│ enc3_conv2 (Conv2D)            │ (None, 16, 16, 128)       │        
├────────────────────────────────┼───────────────────────────┼────────
│ enc4_bn2 (BatchNormalization)  │ (None, 8, 8, 128)         │        
├────────────────────────────────┼───────────────────────────┼────────
│ enc0_relu1 (Activation)        │ (None, 128, 128, 128)     │        
├────────────────────────────────┼───────────────────────────┼────────
│ dropout_1 (Dropout)            │ (None, 64, 64, 128)       │        
├────────────────────────────────┼───────────────────────────┼────────
│ enc2_conv2 (Conv2D)            │ (None, 32, 32, 128)       │        
├────────────────────────────────┼───────────────────────────┼────────
│ enc3_bn2 (BatchNormalization)  │ (None, 16, 16, 128)       │        
├────────────────────────────────┼───────────────────────────┼────────
│ enc4_relu2 (Activation)        │ (None, 8, 8, 128)         │        
├────────────────────────────────┼───────────────────────────┼────────
│ dropout (Dropout)              │ (None, 128, 128, 128)     │        
├────────────────────────────────┼───────────────────────────┼────────
│ enc1_conv2 (Conv2D)            │ (None, 64, 64, 128)       │        
├────────────────────────────────┼───────────────────────────┼────────
│ enc2_bn2 (BatchNormalization)  │ (None, 32, 32, 128)       │        
├────────────────────────────────┼───────────────────────────┼────────
│ enc3_relu2 (Activation)        │ (None, 16, 16, 128)       │        
├────────────────────────────────┼───────────────────────────┼────────
│ up_sampling2d_3 (UpSampling2D) │ (None, 16, 16, 128)       │        
├────────────────────────────────┼───────────────────────────┼────────
│ enc0_conv2 (Conv2D)            │ (None, 128, 128, 128)     │        
├────────────────────────────────┼───────────────────────────┼────────
│ enc1_bn2 (BatchNormalization)  │ (None, 64, 64, 128)       │        
├────────────────────────────────┼───────────────────────────┼────────
│ enc2_relu2 (Activation)        │ (None, 32, 32, 128)       │        
├────────────────────────────────┼───────────────────────────┼────────
│ up_sampling2d_2 (UpSampling2D) │ (None, 32, 32, 128)       │        
├────────────────────────────────┼───────────────────────────┼────────
│ concatenate_3 (Concatenate)    │ (None, 16, 16, 256)       │        
│                                │                           │        
├────────────────────────────────┼───────────────────────────┼────────
│ enc0_bn2 (BatchNormalization)  │ (None, 128, 128, 128)     │        
├────────────────────────────────┼───────────────────────────┼────────
│ enc1_relu2 (Activation)        │ (None, 64, 64, 128)       │        
├────────────────────────────────┼───────────────────────────┼────────
│ up_sampling2d_1 (UpSampling2D) │ (None, 64, 64, 128)       │        
├────────────────────────────────┼───────────────────────────┼────────
│ concatenate_2 (Concatenate)    │ (None, 32, 32, 256)       │        
│                                │                           │        
├────────────────────────────────┼───────────────────────────┼────────
│ d31_conv1 (Conv2D)             │ (None, 16, 16, 128)       │        
├────────────────────────────────┼───────────────────────────┼────────
│ enc0_relu2 (Activation)        │ (None, 128, 128, 128)     │        
├────────────────────────────────┼───────────────────────────┼────────
│ up_sampling2d (UpSampling2D)   │ (None, 128, 128, 128)     │        
├────────────────────────────────┼───────────────────────────┼────────
│ concatenate_1 (Concatenate)    │ (None, 64, 64, 256)       │        
│                                │                           │        
├────────────────────────────────┼───────────────────────────┼────────
│ d21_conv1 (Conv2D)             │ (None, 32, 32, 128)       │        
├────────────────────────────────┼───────────────────────────┼────────
│ d31_bn1 (BatchNormalization)   │ (None, 16, 16, 128)       │        
├────────────────────────────────┼───────────────────────────┼────────
│ concatenate (Concatenate)      │ (None, 128, 128, 256)     │        
│                                │                           │        
├────────────────────────────────┼───────────────────────────┼────────
│ d11_conv1 (Conv2D)             │ (None, 64, 64, 128)       │        
├────────────────────────────────┼───────────────────────────┼────────
│ d21_bn1 (BatchNormalization)   │ (None, 32, 32, 128)       │        
├────────────────────────────────┼───────────────────────────┼────────
│ d31_relu1 (Activation)         │ (None, 16, 16, 128)       │        
├────────────────────────────────┼───────────────────────────┼────────
│ d01_conv1 (Conv2D)             │ (None, 128, 128, 128)     │        
├────────────────────────────────┼───────────────────────────┼────────
│ d11_bn1 (BatchNormalization)   │ (None, 64, 64, 128)       │        
├────────────────────────────────┼───────────────────────────┼────────
│ d21_relu1 (Activation)         │ (None, 32, 32, 128)       │        
├────────────────────────────────┼───────────────────────────┼────────
│ dropout_8 (Dropout)            │ (None, 16, 16, 128)       │        
├────────────────────────────────┼───────────────────────────┼────────
│ d01_bn1 (BatchNormalization)   │ (None, 128, 128, 128)     │        
├────────────────────────────────┼───────────────────────────┼────────
│ d11_relu1 (Activation)         │ (None, 64, 64, 128)       │        
├────────────────────────────────┼───────────────────────────┼────────
│ dropout_7 (Dropout)            │ (None, 32, 32, 128)       │        
├────────────────────────────────┼───────────────────────────┼────────
│ d31_conv2 (Conv2D)             │ (None, 16, 16, 128)       │        
├────────────────────────────────┼───────────────────────────┼────────
│ d01_relu1 (Activation)         │ (None, 128, 128, 128)     │        
├────────────────────────────────┼───────────────────────────┼────────
│ dropout_6 (Dropout)            │ (None, 64, 64, 128)       │        
├────────────────────────────────┼───────────────────────────┼────────
│ d21_conv2 (Conv2D)             │ (None, 32, 32, 128)       │        
├────────────────────────────────┼───────────────────────────┼────────
│ d31_bn2 (BatchNormalization)   │ (None, 16, 16, 128)       │        
├────────────────────────────────┼───────────────────────────┼────────
│ dropout_5 (Dropout)            │ (None, 128, 128, 128)     │        
├────────────────────────────────┼───────────────────────────┼────────
│ d11_conv2 (Conv2D)             │ (None, 64, 64, 128)       │        
├────────────────────────────────┼───────────────────────────┼────────
│ d21_bn2 (BatchNormalization)   │ (None, 32, 32, 128)       │        
├────────────────────────────────┼───────────────────────────┼────────
│ d31_relu2 (Activation)         │ (None, 16, 16, 128)       │        
├────────────────────────────────┼───────────────────────────┼────────
│ d01_conv2 (Conv2D)             │ (None, 128, 128, 128)     │        
├────────────────────────────────┼───────────────────────────┼────────
│ d11_bn2 (BatchNormalization)   │ (None, 64, 64, 128)       │        
├────────────────────────────────┼───────────────────────────┼────────
│ d21_relu2 (Activation)         │ (None, 32, 32, 128)       │        
├────────────────────────────────┼───────────────────────────┼────────
│ up_sampling2d_6 (UpSampling2D) │ (None, 32, 32, 128)       │        
├────────────────────────────────┼───────────────────────────┼────────
│ d01_bn2 (BatchNormalization)   │ (None, 128, 128, 128)     │        
├────────────────────────────────┼───────────────────────────┼────────
│ d11_relu2 (Activation)         │ (None, 64, 64, 128)       │        
├────────────────────────────────┼───────────────────────────┼────────
│ up_sampling2d_5 (UpSampling2D) │ (None, 64, 64, 128)       │        
├────────────────────────────────┼───────────────────────────┼────────
│ concatenate_6 (Concatenate)    │ (None, 32, 32, 384)       │        
│                                │                           │        
│                                │                           │        
├────────────────────────────────┼───────────────────────────┼────────
│ d01_relu2 (Activation)         │ (None, 128, 128, 128)     │        
├────────────────────────────────┼───────────────────────────┼────────
│ up_sampling2d_4 (UpSampling2D) │ (None, 128, 128, 128)     │        
├────────────────────────────────┼───────────────────────────┼────────
│ concatenate_5 (Concatenate)    │ (None, 64, 64, 384)       │        
│                                │                           │        
│                                │                           │        
├────────────────────────────────┼───────────────────────────┼────────
│ d22_conv1 (Conv2D)             │ (None, 32, 32, 128)       │        
├────────────────────────────────┼───────────────────────────┼────────
│ concatenate_4 (Concatenate)    │ (None, 128, 128, 384)     │        
│                                │                           │        
│                                │                           │        
├────────────────────────────────┼───────────────────────────┼────────
│ d12_conv1 (Conv2D)             │ (None, 64, 64, 128)       │        
├────────────────────────────────┼───────────────────────────┼────────
│ d22_bn1 (BatchNormalization)   │ (None, 32, 32, 128)       │        
├────────────────────────────────┼───────────────────────────┼────────
│ d02_conv1 (Conv2D)             │ (None, 128, 128, 128)     │        
├────────────────────────────────┼───────────────────────────┼────────
│ d12_bn1 (BatchNormalization)   │ (None, 64, 64, 128)       │        
├────────────────────────────────┼───────────────────────────┼────────
│ d22_relu1 (Activation)         │ (None, 32, 32, 128)       │        
├────────────────────────────────┼───────────────────────────┼────────
│ d02_bn1 (BatchNormalization)   │ (None, 128, 128, 128)     │        
├────────────────────────────────┼───────────────────────────┼────────
│ d12_relu1 (Activation)         │ (None, 64, 64, 128)       │        
├────────────────────────────────┼───────────────────────────┼────────
│ dropout_11 (Dropout)           │ (None, 32, 32, 128)       │        
├────────────────────────────────┼───────────────────────────┼────────
│ d02_relu1 (Activation)         │ (None, 128, 128, 128)     │        
├────────────────────────────────┼───────────────────────────┼────────
│ dropout_10 (Dropout)           │ (None, 64, 64, 128)       │        
├────────────────────────────────┼───────────────────────────┼────────
│ d22_conv2 (Conv2D)             │ (None, 32, 32, 128)       │        
├────────────────────────────────┼───────────────────────────┼────────
│ dropout_9 (Dropout)            │ (None, 128, 128, 128)     │        
├────────────────────────────────┼───────────────────────────┼────────
│ d12_conv2 (Conv2D)             │ (None, 64, 64, 128)       │        
├────────────────────────────────┼───────────────────────────┼────────
│ d22_bn2 (BatchNormalization)   │ (None, 32, 32, 128)       │        
├────────────────────────────────┼───────────────────────────┼────────
│ d02_conv2 (Conv2D)             │ (None, 128, 128, 128)     │        
├────────────────────────────────┼───────────────────────────┼────────
│ d12_bn2 (BatchNormalization)   │ (None, 64, 64, 128)       │        
├────────────────────────────────┼───────────────────────────┼────────
│ d22_relu2 (Activation)         │ (None, 32, 32, 128)       │        
├────────────────────────────────┼───────────────────────────┼────────
│ d02_bn2 (BatchNormalization)   │ (None, 128, 128, 128)     │        
├────────────────────────────────┼───────────────────────────┼────────
│ d12_relu2 (Activation)         │ (None, 64, 64, 128)       │        
├────────────────────────────────┼───────────────────────────┼────────
│ up_sampling2d_8 (UpSampling2D) │ (None, 64, 64, 128)       │        
├────────────────────────────────┼───────────────────────────┼────────
│ d02_relu2 (Activation)         │ (None, 128, 128, 128)     │        
├────────────────────────────────┼───────────────────────────┼────────
│ up_sampling2d_7 (UpSampling2D) │ (None, 128, 128, 128)     │        
├────────────────────────────────┼───────────────────────────┼────────
│ concatenate_8 (Concatenate)    │ (None, 64, 64, 512)       │        
│                                │                           │        
│                                │                           │        
│                                │                           │        
├────────────────────────────────┼───────────────────────────┼────────
│ concatenate_7 (Concatenate)    │ (None, 128, 128, 512)     │        
│                                │                           │        
│                                │                           │        
│                                │                           │        
├────────────────────────────────┼───────────────────────────┼────────
│ d13_conv1 (Conv2D)             │ (None, 64, 64, 128)       │        
├────────────────────────────────┼───────────────────────────┼────────
│ d03_conv1 (Conv2D)             │ (None, 128, 128, 128)     │        
├────────────────────────────────┼───────────────────────────┼────────
│ d13_bn1 (BatchNormalization)   │ (None, 64, 64, 128)       │        
├────────────────────────────────┼───────────────────────────┼────────
│ d03_bn1 (BatchNormalization)   │ (None, 128, 128, 128)     │        
├────────────────────────────────┼───────────────────────────┼────────
│ d13_relu1 (Activation)         │ (None, 64, 64, 128)       │        
├────────────────────────────────┼───────────────────────────┼────────
│ d03_relu1 (Activation)         │ (None, 128, 128, 128)     │        
├────────────────────────────────┼───────────────────────────┼────────
│ dropout_13 (Dropout)           │ (None, 64, 64, 128)       │        
├────────────────────────────────┼───────────────────────────┼────────
│ dropout_12 (Dropout)           │ (None, 128, 128, 128)     │        
├────────────────────────────────┼───────────────────────────┼────────
│ d13_conv2 (Conv2D)             │ (None, 64, 64, 128)       │        
├────────────────────────────────┼───────────────────────────┼────────
│ d03_conv2 (Conv2D)             │ (None, 128, 128, 128)     │        
├────────────────────────────────┼───────────────────────────┼────────
│ d13_bn2 (BatchNormalization)   │ (None, 64, 64, 128)       │        
├────────────────────────────────┼───────────────────────────┼────────
│ d03_bn2 (BatchNormalization)   │ (None, 128, 128, 128)     │        
├────────────────────────────────┼───────────────────────────┼────────
│ d13_relu2 (Activation)         │ (None, 64, 64, 128)       │        
├────────────────────────────────┼───────────────────────────┼────────
│ d03_relu2 (Activation)         │ (None, 128, 128, 128)     │        
├────────────────────────────────┼───────────────────────────┼────────
│ up_sampling2d_9 (UpSampling2D) │ (None, 128, 128, 128)     │        
├────────────────────────────────┼───────────────────────────┼────────
│ concatenate_9 (Concatenate)    │ (None, 128, 128, 640)     │        
│                                │                           │        
│                                │                           │        
│                                │                           │        
│                                │                           │        
├────────────────────────────────┼───────────────────────────┼────────
│ d04_conv1 (Conv2D)             │ (None, 128, 128, 128)     │        
├────────────────────────────────┼───────────────────────────┼────────
│ d04_bn1 (BatchNormalization)   │ (None, 128, 128, 128)     │        
├────────────────────────────────┼───────────────────────────┼────────
│ d04_relu1 (Activation)         │ (None, 128, 128, 128)     │        
├────────────────────────────────┼───────────────────────────┼────────
│ dropout_14 (Dropout)           │ (None, 128, 128, 128)     │        
├────────────────────────────────┼───────────────────────────┼────────
│ d04_conv2 (Conv2D)             │ (None, 128, 128, 128)     │        
├────────────────────────────────┼───────────────────────────┼────────
│ d04_bn2 (BatchNormalization)   │ (None, 128, 128, 128)     │        
├────────────────────────────────┼───────────────────────────┼────────
│ d04_relu2 (Activation)         │ (None, 128, 128, 128)     │        
├────────────────────────────────┼───────────────────────────┼────────
│ up_sampling2d_10               │ (None, 256, 256, 128)     │        
│ (UpSampling2D)                 │                           │        
├────────────────────────────────┼───────────────────────────┼────────
│ seg_output (Conv2D)            │ (None, 256, 256, 1)       │        
└────────────────────────────────┴───────────────────────────┴────────
 Total params: 34,736,129 (132.51 MB)
 Trainable params: 34,675,329 (132.28 MB)
 Non-trainable params: 60,800 (237.50 KB)

      Trainable parameters     : 34,675,329
      Non-trainable parameters : 60,800

[3/5] Compiling ...
Traceback (most recent call last):
  File "d:\labdatanew@aniket\unet++\src\train.py", line 258, in <module>
    model.load_weights(_ckpt_to_load)
  File "d:\labdatanew@aniket\.venv\Lib\site-packages\keras\src\utils\traceback_utils.py", line 117, in error_handler
    return fn(*args, **kwargs)
           ^^^^^^^^^^^^^^^^^^^
  File "d:\labdatanew@aniket\.venv\Lib\site-packages\keras\src\models\model.py", line 420, in load_weights
    saving_api.load_weights(
  File "d:\labdatanew@aniket\.venv\Lib\site-packages\keras\src\saving\saving_api.py", line 283, in load_weights
    saving_lib.load_weights_only(
  File "d:\labdatanew@aniket\.venv\Lib\site-packages\keras\src\saving\saving_lib.py", line 607, in load_weights_only
    _load_state(
  File "d:\labdatanew@aniket\.venv\Lib\site-packages\keras\src\saving\saving_lib.py", line 840, in _load_state
    _load_container_state(
  File "d:\labdatanew@aniket\.venv\Lib\site-packages\keras\src\saving\saving_lib.py", line 919, in _load_container_state
    _load_state(
  File "d:\labdatanew@aniket\.venv\Lib\site-packages\keras\src\saving\saving_lib.py", line 798, in _load_state
    saveable.load_own_variables(weights_store.get(inner_path))
                                ^^^^^^^^^^^^^^^^^^^^^^^^^^^^^
  File "d:\labdatanew@aniket\.venv\Lib\site-packages\keras\src\saving\saving_lib.py", line 1163, in get
    if path in self.h5_file:
       ^^^^^^^^^^^^^^^^^^^^
  File "h5py/_objects.pyx", line 56, in h5py._objects.with_phil.wrapper
  File "h5py/_objects.pyx", line 57, in h5py._objects.with_phil.wrapper
  File "d:\labdatanew@aniket\.venv\Lib\site-packages\h5py\_hl\group.py", line 517, in __contains__
    return h5g._path_valid(self.id, self._e(name), self._lapl)
           ^^^^^^^^^^^^^^^^^^^^^^^^^^^^^^^^^^^^^^^^^^^^^^^^^^^
  File "h5py/_objects.pyx", line 56, in h5py._objects.with_phil.wrapper
  File "h5py/_objects.pyx", line 57, in h5py._objects.with_phil.wrapper
  File "h5py/h5g.pyx", line 541, in h5py.h5g._path_valid
  File "h5py/_objects.pyx", line 56, in h5py._objects.with_phil.wrapper
  File "h5py/_objects.pyx", line 57, in h5py._objects.with_phil.wrapper
  File "h5py/h5l.pyx", line 216, in h5py.h5l.LinkProxy.exists
  File "h5py/h5fd.pyx", line 159, in h5py.h5fd.H5FD_fileobj_read
  File "C:\Users\SHUBHAM SINGH\AppData\Local\Programs\Python\Python311\Lib\zipfile.py", line 1121, in seek
    self.read(read_len)
  File "C:\Users\SHUBHAM SINGH\AppData\Local\Programs\Python\Python311\Lib\zipfile.py", line 955, in read
    data = self._read1(n)
           ^^^^^^^^^^^^^^
  File "C:\Users\SHUBHAM SINGH\AppData\Local\Programs\Python\Python311\Lib\zipfile.py", line 1045, in _read1
    self._update_crc(data)
  File "C:\Users\SHUBHAM SINGH\AppData\Local\Programs\Python\Python311\Lib\zipfile.py", line 970, in _update_crc
    self._running_crc = crc32(newdata, self._running_crc)
                        ^^^^^^^^^^^^^^^^^^^^^^^^^^^^^^^^^
KeyboardInterrupt
