[TeeLogger] Saving terminal output to:
            d:\labdatanew@aniket\unet++\outputs\terminal_20260531_094304.log

[1/5] Loading dataset …
      TRAIN ← d:/labdatanew@aniket/500_rgb_mask/
      TEST  ← d:/labdatanew@aniket/137_rgb_mask/
[TRAIN] Loaded 500 pairs  |  skipped 0  from d:\labdatanew@aniket\500_rgb_mask\RGB
[TEST] Loaded 137 pairs  |  skipped 0  from d:\labdatanew@aniket\137_rgb_mask\RGB
      Train: (500, 256, 256, 3)  |  Test: (137, 256, 256, 3)

[2/5] Building UNet++ model …
      Variant       : UNet++ with ResNet50 encoder (ImageNet)
      Freeze layers : first 120 backbone layers
      Frozen params : 0 backbone sub-layers
Model: "UNetPlusPlus_ResNet50"
┏━━━━━━━━━━━━━━━━━━━━━━━━━━━━━━━━┳━━━━━━━━━━━━━━━━━━━━━━━━━━━┳━━━━━━━━
┃ Layer (type)                   ┃ Output Shape              ┃        
┡━━━━━━━━━━━━━━━━━━━━━━━━━━━━━━━━╇━━━━━━━━━━━━━━━━━━━━━━━━━━━╇━━━━━━━━
│ rgb_input (InputLayer)         │ (None, 256, 256, 3)       │        
├────────────────────────────────┼───────────────────────────┼────────
│ conv1_pad (ZeroPadding2D)      │ (None, 262, 262, 3)       │        
├────────────────────────────────┼───────────────────────────┼────────
│ conv1_conv (Conv2D)            │ (None, 128, 128, 64)      │        
├────────────────────────────────┼───────────────────────────┼────────
│ conv1_bn (BatchNormalization)  │ (None, 128, 128, 64)      │        
├────────────────────────────────┼───────────────────────────┼────────
│ conv1_relu (Activation)        │ (None, 128, 128, 64)      │        
├────────────────────────────────┼───────────────────────────┼────────
│ pool1_pad (ZeroPadding2D)      │ (None, 130, 130, 64)      │        
├────────────────────────────────┼───────────────────────────┼────────
│ pool1_pool (MaxPooling2D)      │ (None, 64, 64, 64)        │        
├────────────────────────────────┼───────────────────────────┼────────
│ conv2_block1_1_conv (Conv2D)   │ (None, 64, 64, 64)        │        
├────────────────────────────────┼───────────────────────────┼────────
│ conv2_block1_1_bn              │ (None, 64, 64, 64)        │        
│ (BatchNormalization)           │                           │        
├────────────────────────────────┼───────────────────────────┼────────
│ conv2_block1_1_relu            │ (None, 64, 64, 64)        │        
│ (Activation)                   │                           │        
├────────────────────────────────┼───────────────────────────┼────────
│ conv2_block1_2_conv (Conv2D)   │ (None, 64, 64, 64)        │        
├────────────────────────────────┼───────────────────────────┼────────
│ conv2_block1_2_bn              │ (None, 64, 64, 64)        │        
│ (BatchNormalization)           │                           │        
├────────────────────────────────┼───────────────────────────┼────────
│ conv2_block1_2_relu            │ (None, 64, 64, 64)        │        
│ (Activation)                   │                           │        
├────────────────────────────────┼───────────────────────────┼────────
│ conv2_block1_0_conv (Conv2D)   │ (None, 64, 64, 256)       │        
├────────────────────────────────┼───────────────────────────┼────────
│ conv2_block1_3_conv (Conv2D)   │ (None, 64, 64, 256)       │        
├────────────────────────────────┼───────────────────────────┼────────
│ conv2_block1_0_bn              │ (None, 64, 64, 256)       │        
│ (BatchNormalization)           │                           │        
├────────────────────────────────┼───────────────────────────┼────────
│ conv2_block1_3_bn              │ (None, 64, 64, 256)       │        
│ (BatchNormalization)           │                           │        
├────────────────────────────────┼───────────────────────────┼────────
│ conv2_block1_add (Add)         │ (None, 64, 64, 256)       │        
│                                │                           │        
├────────────────────────────────┼───────────────────────────┼────────
│ conv2_block1_out (Activation)  │ (None, 64, 64, 256)       │        
├────────────────────────────────┼───────────────────────────┼────────
│ conv2_block2_1_conv (Conv2D)   │ (None, 64, 64, 64)        │        
├────────────────────────────────┼───────────────────────────┼────────
│ conv2_block2_1_bn              │ (None, 64, 64, 64)        │        
│ (BatchNormalization)           │                           │        
├────────────────────────────────┼───────────────────────────┼────────
│ conv2_block2_1_relu            │ (None, 64, 64, 64)        │        
│ (Activation)                   │                           │        
├────────────────────────────────┼───────────────────────────┼────────
│ conv2_block2_2_conv (Conv2D)   │ (None, 64, 64, 64)        │        
├────────────────────────────────┼───────────────────────────┼────────
│ conv2_block2_2_bn              │ (None, 64, 64, 64)        │        
│ (BatchNormalization)           │                           │        
├────────────────────────────────┼───────────────────────────┼────────
│ conv2_block2_2_relu            │ (None, 64, 64, 64)        │        
│ (Activation)                   │                           │        
├────────────────────────────────┼───────────────────────────┼────────
│ conv2_block2_3_conv (Conv2D)   │ (None, 64, 64, 256)       │        
├────────────────────────────────┼───────────────────────────┼────────
│ conv2_block2_3_bn              │ (None, 64, 64, 256)       │        
│ (BatchNormalization)           │                           │        
├────────────────────────────────┼───────────────────────────┼────────
│ conv2_block2_add (Add)         │ (None, 64, 64, 256)       │        
│                                │                           │        
├────────────────────────────────┼───────────────────────────┼────────
│ conv2_block2_out (Activation)  │ (None, 64, 64, 256)       │        
├────────────────────────────────┼───────────────────────────┼────────
│ conv2_block3_1_conv (Conv2D)   │ (None, 64, 64, 64)        │        
├────────────────────────────────┼───────────────────────────┼────────
│ conv2_block3_1_bn              │ (None, 64, 64, 64)        │        
│ (BatchNormalization)           │                           │        
├────────────────────────────────┼───────────────────────────┼────────
│ conv2_block3_1_relu            │ (None, 64, 64, 64)        │        
│ (Activation)                   │                           │        
├────────────────────────────────┼───────────────────────────┼────────
│ conv2_block3_2_conv (Conv2D)   │ (None, 64, 64, 64)        │        
├────────────────────────────────┼───────────────────────────┼────────
│ conv2_block3_2_bn              │ (None, 64, 64, 64)        │        
│ (BatchNormalization)           │                           │        
├────────────────────────────────┼───────────────────────────┼────────
│ conv2_block3_2_relu            │ (None, 64, 64, 64)        │        
│ (Activation)                   │                           │        
├────────────────────────────────┼───────────────────────────┼────────
│ conv2_block3_3_conv (Conv2D)   │ (None, 64, 64, 256)       │        
├────────────────────────────────┼───────────────────────────┼────────
│ conv2_block3_3_bn              │ (None, 64, 64, 256)       │        
│ (BatchNormalization)           │                           │        
├────────────────────────────────┼───────────────────────────┼────────
│ conv2_block3_add (Add)         │ (None, 64, 64, 256)       │        
│                                │                           │        
├────────────────────────────────┼───────────────────────────┼────────
│ conv2_block3_out (Activation)  │ (None, 64, 64, 256)       │        
├────────────────────────────────┼───────────────────────────┼────────
│ conv3_block1_1_conv (Conv2D)   │ (None, 32, 32, 128)       │        
├────────────────────────────────┼───────────────────────────┼────────
│ conv3_block1_1_bn              │ (None, 32, 32, 128)       │        
│ (BatchNormalization)           │                           │        
├────────────────────────────────┼───────────────────────────┼────────
│ conv3_block1_1_relu            │ (None, 32, 32, 128)       │        
│ (Activation)                   │                           │        
├────────────────────────────────┼───────────────────────────┼────────
│ conv3_block1_2_conv (Conv2D)   │ (None, 32, 32, 128)       │        
├────────────────────────────────┼───────────────────────────┼────────
│ conv3_block1_2_bn              │ (None, 32, 32, 128)       │        
│ (BatchNormalization)           │                           │        
├────────────────────────────────┼───────────────────────────┼────────
│ conv3_block1_2_relu            │ (None, 32, 32, 128)       │        
│ (Activation)                   │                           │        
├────────────────────────────────┼───────────────────────────┼────────
│ conv3_block1_0_conv (Conv2D)   │ (None, 32, 32, 512)       │        
├────────────────────────────────┼───────────────────────────┼────────
│ conv3_block1_3_conv (Conv2D)   │ (None, 32, 32, 512)       │        
├────────────────────────────────┼───────────────────────────┼────────
│ conv3_block1_0_bn              │ (None, 32, 32, 512)       │        
│ (BatchNormalization)           │                           │        
├────────────────────────────────┼───────────────────────────┼────────
│ conv3_block1_3_bn              │ (None, 32, 32, 512)       │        
│ (BatchNormalization)           │                           │        
├────────────────────────────────┼───────────────────────────┼────────
│ conv3_block1_add (Add)         │ (None, 32, 32, 512)       │        
│                                │                           │        
├────────────────────────────────┼───────────────────────────┼────────
│ conv3_block1_out (Activation)  │ (None, 32, 32, 512)       │        
├────────────────────────────────┼───────────────────────────┼────────
│ conv3_block2_1_conv (Conv2D)   │ (None, 32, 32, 128)       │        
├────────────────────────────────┼───────────────────────────┼────────
│ conv3_block2_1_bn              │ (None, 32, 32, 128)       │        
│ (BatchNormalization)           │                           │        
├────────────────────────────────┼───────────────────────────┼────────
│ conv3_block2_1_relu            │ (None, 32, 32, 128)       │        
│ (Activation)                   │                           │        
├────────────────────────────────┼───────────────────────────┼────────
│ conv3_block2_2_conv (Conv2D)   │ (None, 32, 32, 128)       │        
├────────────────────────────────┼───────────────────────────┼────────
│ conv3_block2_2_bn              │ (None, 32, 32, 128)       │        
│ (BatchNormalization)           │                           │        
├────────────────────────────────┼───────────────────────────┼────────
│ conv3_block2_2_relu            │ (None, 32, 32, 128)       │        
│ (Activation)                   │                           │        
├────────────────────────────────┼───────────────────────────┼────────
│ conv3_block2_3_conv (Conv2D)   │ (None, 32, 32, 512)       │        
├────────────────────────────────┼───────────────────────────┼────────
│ conv3_block2_3_bn              │ (None, 32, 32, 512)       │        
│ (BatchNormalization)           │                           │        
├────────────────────────────────┼───────────────────────────┼────────
│ conv3_block2_add (Add)         │ (None, 32, 32, 512)       │        
│                                │                           │        
├────────────────────────────────┼───────────────────────────┼────────
│ conv3_block2_out (Activation)  │ (None, 32, 32, 512)       │        
├────────────────────────────────┼───────────────────────────┼────────
│ conv3_block3_1_conv (Conv2D)   │ (None, 32, 32, 128)       │        
├────────────────────────────────┼───────────────────────────┼────────
│ conv3_block3_1_bn              │ (None, 32, 32, 128)       │        
│ (BatchNormalization)           │                           │        
├────────────────────────────────┼───────────────────────────┼────────
│ conv3_block3_1_relu            │ (None, 32, 32, 128)       │        
│ (Activation)                   │                           │        
├────────────────────────────────┼───────────────────────────┼────────
│ conv3_block3_2_conv (Conv2D)   │ (None, 32, 32, 128)       │        
├────────────────────────────────┼───────────────────────────┼────────
│ conv3_block3_2_bn              │ (None, 32, 32, 128)       │        
│ (BatchNormalization)           │                           │        
├────────────────────────────────┼───────────────────────────┼────────
│ conv3_block3_2_relu            │ (None, 32, 32, 128)       │        
│ (Activation)                   │                           │        
├────────────────────────────────┼───────────────────────────┼────────
│ conv3_block3_3_conv (Conv2D)   │ (None, 32, 32, 512)       │        
├────────────────────────────────┼───────────────────────────┼────────
│ conv3_block3_3_bn              │ (None, 32, 32, 512)       │        
│ (BatchNormalization)           │                           │        
├────────────────────────────────┼───────────────────────────┼────────
│ conv3_block3_add (Add)         │ (None, 32, 32, 512)       │        
│                                │                           │        
├────────────────────────────────┼───────────────────────────┼────────
│ conv3_block3_out (Activation)  │ (None, 32, 32, 512)       │        
├────────────────────────────────┼───────────────────────────┼────────
│ conv3_block4_1_conv (Conv2D)   │ (None, 32, 32, 128)       │        
├────────────────────────────────┼───────────────────────────┼────────
│ conv3_block4_1_bn              │ (None, 32, 32, 128)       │        
│ (BatchNormalization)           │                           │        
├────────────────────────────────┼───────────────────────────┼────────
│ conv3_block4_1_relu            │ (None, 32, 32, 128)       │        
│ (Activation)                   │                           │        
├────────────────────────────────┼───────────────────────────┼────────
│ conv3_block4_2_conv (Conv2D)   │ (None, 32, 32, 128)       │        
├────────────────────────────────┼───────────────────────────┼────────
│ conv3_block4_2_bn              │ (None, 32, 32, 128)       │        
│ (BatchNormalization)           │                           │        
├────────────────────────────────┼───────────────────────────┼────────
│ conv3_block4_2_relu            │ (None, 32, 32, 128)       │        
│ (Activation)                   │                           │        
├────────────────────────────────┼───────────────────────────┼────────
│ conv3_block4_3_conv (Conv2D)   │ (None, 32, 32, 512)       │        
├────────────────────────────────┼───────────────────────────┼────────
│ conv3_block4_3_bn              │ (None, 32, 32, 512)       │        
│ (BatchNormalization)           │                           │        
├────────────────────────────────┼───────────────────────────┼────────
│ conv3_block4_add (Add)         │ (None, 32, 32, 512)       │        
│                                │                           │        
├────────────────────────────────┼───────────────────────────┼────────
│ conv3_block4_out (Activation)  │ (None, 32, 32, 512)       │        
├────────────────────────────────┼───────────────────────────┼────────
│ conv4_block1_1_conv (Conv2D)   │ (None, 16, 16, 256)       │        
├────────────────────────────────┼───────────────────────────┼────────
│ conv4_block1_1_bn              │ (None, 16, 16, 256)       │        
│ (BatchNormalization)           │                           │        
├────────────────────────────────┼───────────────────────────┼────────
│ conv4_block1_1_relu            │ (None, 16, 16, 256)       │        
│ (Activation)                   │                           │        
├────────────────────────────────┼───────────────────────────┼────────
│ conv4_block1_2_conv (Conv2D)   │ (None, 16, 16, 256)       │        
├────────────────────────────────┼───────────────────────────┼────────
│ conv4_block1_2_bn              │ (None, 16, 16, 256)       │        
│ (BatchNormalization)           │                           │        
├────────────────────────────────┼───────────────────────────┼────────
│ conv4_block1_2_relu            │ (None, 16, 16, 256)       │        
│ (Activation)                   │                           │        
├────────────────────────────────┼───────────────────────────┼────────
│ conv4_block1_0_conv (Conv2D)   │ (None, 16, 16, 1024)      │        
├────────────────────────────────┼───────────────────────────┼────────
│ conv4_block1_3_conv (Conv2D)   │ (None, 16, 16, 1024)      │        
├────────────────────────────────┼───────────────────────────┼────────
│ conv4_block1_0_bn              │ (None, 16, 16, 1024)      │        
│ (BatchNormalization)           │                           │        
├────────────────────────────────┼───────────────────────────┼────────
│ conv4_block1_3_bn              │ (None, 16, 16, 1024)      │        
│ (BatchNormalization)           │                           │        
├────────────────────────────────┼───────────────────────────┼────────
│ conv4_block1_add (Add)         │ (None, 16, 16, 1024)      │        
│                                │                           │        
├────────────────────────────────┼───────────────────────────┼────────
│ conv4_block1_out (Activation)  │ (None, 16, 16, 1024)      │        
├────────────────────────────────┼───────────────────────────┼────────
│ conv4_block2_1_conv (Conv2D)   │ (None, 16, 16, 256)       │        
├────────────────────────────────┼───────────────────────────┼────────
│ conv4_block2_1_bn              │ (None, 16, 16, 256)       │        
│ (BatchNormalization)           │                           │        
├────────────────────────────────┼───────────────────────────┼────────
│ conv4_block2_1_relu            │ (None, 16, 16, 256)       │        
│ (Activation)                   │                           │        
├────────────────────────────────┼───────────────────────────┼────────
│ conv4_block2_2_conv (Conv2D)   │ (None, 16, 16, 256)       │        
├────────────────────────────────┼───────────────────────────┼────────
│ conv4_block2_2_bn              │ (None, 16, 16, 256)       │        
│ (BatchNormalization)           │                           │        
├────────────────────────────────┼───────────────────────────┼────────
│ conv4_block2_2_relu            │ (None, 16, 16, 256)       │        
│ (Activation)                   │                           │        
├────────────────────────────────┼───────────────────────────┼────────
│ conv4_block2_3_conv (Conv2D)   │ (None, 16, 16, 1024)      │        
├────────────────────────────────┼───────────────────────────┼────────
│ conv4_block2_3_bn              │ (None, 16, 16, 1024)      │        
│ (BatchNormalization)           │                           │        
├────────────────────────────────┼───────────────────────────┼────────
│ conv4_block2_add (Add)         │ (None, 16, 16, 1024)      │        
│                                │                           │        
├────────────────────────────────┼───────────────────────────┼────────
│ conv4_block2_out (Activation)  │ (None, 16, 16, 1024)      │        
├────────────────────────────────┼───────────────────────────┼────────
│ conv4_block3_1_conv (Conv2D)   │ (None, 16, 16, 256)       │        
├────────────────────────────────┼───────────────────────────┼────────
│ conv4_block3_1_bn              │ (None, 16, 16, 256)       │        
│ (BatchNormalization)           │                           │        
├────────────────────────────────┼───────────────────────────┼────────
│ conv4_block3_1_relu            │ (None, 16, 16, 256)       │        
│ (Activation)                   │                           │        
├────────────────────────────────┼───────────────────────────┼────────
│ conv4_block3_2_conv (Conv2D)   │ (None, 16, 16, 256)       │        
├────────────────────────────────┼───────────────────────────┼────────
│ conv4_block3_2_bn              │ (None, 16, 16, 256)       │        
│ (BatchNormalization)           │                           │        
├────────────────────────────────┼───────────────────────────┼────────
│ conv4_block3_2_relu            │ (None, 16, 16, 256)       │        
│ (Activation)                   │                           │        
├────────────────────────────────┼───────────────────────────┼────────
│ conv4_block3_3_conv (Conv2D)   │ (None, 16, 16, 1024)      │        
├────────────────────────────────┼───────────────────────────┼────────
│ conv4_block3_3_bn              │ (None, 16, 16, 1024)      │        
│ (BatchNormalization)           │                           │        
├────────────────────────────────┼───────────────────────────┼────────
│ conv4_block3_add (Add)         │ (None, 16, 16, 1024)      │        
│                                │                           │        
├────────────────────────────────┼───────────────────────────┼────────
│ conv4_block3_out (Activation)  │ (None, 16, 16, 1024)      │        
├────────────────────────────────┼───────────────────────────┼────────
│ conv4_block4_1_conv (Conv2D)   │ (None, 16, 16, 256)       │        
├────────────────────────────────┼───────────────────────────┼────────
│ conv4_block4_1_bn              │ (None, 16, 16, 256)       │        
│ (BatchNormalization)           │                           │        
├────────────────────────────────┼───────────────────────────┼────────
│ conv4_block4_1_relu            │ (None, 16, 16, 256)       │        
│ (Activation)                   │                           │        
├────────────────────────────────┼───────────────────────────┼────────
│ conv4_block4_2_conv (Conv2D)   │ (None, 16, 16, 256)       │        
├────────────────────────────────┼───────────────────────────┼────────
│ conv4_block4_2_bn              │ (None, 16, 16, 256)       │        
│ (BatchNormalization)           │                           │        
├────────────────────────────────┼───────────────────────────┼────────
│ conv4_block4_2_relu            │ (None, 16, 16, 256)       │        
│ (Activation)                   │                           │        
├────────────────────────────────┼───────────────────────────┼────────
│ conv4_block4_3_conv (Conv2D)   │ (None, 16, 16, 1024)      │        
├────────────────────────────────┼───────────────────────────┼────────
│ conv4_block4_3_bn              │ (None, 16, 16, 1024)      │        
│ (BatchNormalization)           │                           │        
├────────────────────────────────┼───────────────────────────┼────────
│ conv4_block4_add (Add)         │ (None, 16, 16, 1024)      │        
│                                │                           │        
├────────────────────────────────┼───────────────────────────┼────────
│ conv4_block4_out (Activation)  │ (None, 16, 16, 1024)      │        
├────────────────────────────────┼───────────────────────────┼────────
│ conv4_block5_1_conv (Conv2D)   │ (None, 16, 16, 256)       │        
├────────────────────────────────┼───────────────────────────┼────────
│ conv4_block5_1_bn              │ (None, 16, 16, 256)       │        
│ (BatchNormalization)           │                           │        
├────────────────────────────────┼───────────────────────────┼────────
│ conv4_block5_1_relu            │ (None, 16, 16, 256)       │        
│ (Activation)                   │                           │        
├────────────────────────────────┼───────────────────────────┼────────
│ conv4_block5_2_conv (Conv2D)   │ (None, 16, 16, 256)       │        
├────────────────────────────────┼───────────────────────────┼────────
│ conv4_block5_2_bn              │ (None, 16, 16, 256)       │        
│ (BatchNormalization)           │                           │        
├────────────────────────────────┼───────────────────────────┼────────
│ conv4_block5_2_relu            │ (None, 16, 16, 256)       │        
│ (Activation)                   │                           │        
├────────────────────────────────┼───────────────────────────┼────────
│ conv4_block5_3_conv (Conv2D)   │ (None, 16, 16, 1024)      │        
├────────────────────────────────┼───────────────────────────┼────────
│ conv4_block5_3_bn              │ (None, 16, 16, 1024)      │        
│ (BatchNormalization)           │                           │        
├────────────────────────────────┼───────────────────────────┼────────
│ conv4_block5_add (Add)         │ (None, 16, 16, 1024)      │        
│                                │                           │        
├────────────────────────────────┼───────────────────────────┼────────
│ conv4_block5_out (Activation)  │ (None, 16, 16, 1024)      │        
├────────────────────────────────┼───────────────────────────┼────────
│ conv4_block6_1_conv (Conv2D)   │ (None, 16, 16, 256)       │        
├────────────────────────────────┼───────────────────────────┼────────
│ conv4_block6_1_bn              │ (None, 16, 16, 256)       │        
│ (BatchNormalization)           │                           │        
├────────────────────────────────┼───────────────────────────┼────────
│ conv4_block6_1_relu            │ (None, 16, 16, 256)       │        
│ (Activation)                   │                           │        
├────────────────────────────────┼───────────────────────────┼────────
│ conv4_block6_2_conv (Conv2D)   │ (None, 16, 16, 256)       │        
├────────────────────────────────┼───────────────────────────┼────────
│ conv4_block6_2_bn              │ (None, 16, 16, 256)       │        
│ (BatchNormalization)           │                           │        
├────────────────────────────────┼───────────────────────────┼────────
│ conv4_block6_2_relu            │ (None, 16, 16, 256)       │        
│ (Activation)                   │                           │        
├────────────────────────────────┼───────────────────────────┼────────
│ conv4_block6_3_conv (Conv2D)   │ (None, 16, 16, 1024)      │        
├────────────────────────────────┼───────────────────────────┼────────
│ conv4_block6_3_bn              │ (None, 16, 16, 1024)      │        
│ (BatchNormalization)           │                           │        
├────────────────────────────────┼───────────────────────────┼────────
│ conv4_block6_add (Add)         │ (None, 16, 16, 1024)      │        
│                                │                           │        
├────────────────────────────────┼───────────────────────────┼────────
│ conv4_block6_out (Activation)  │ (None, 16, 16, 1024)      │        
├────────────────────────────────┼───────────────────────────┼────────
│ conv5_block1_1_conv (Conv2D)   │ (None, 8, 8, 512)         │        
├────────────────────────────────┼───────────────────────────┼────────
│ conv5_block1_1_bn              │ (None, 8, 8, 512)         │        
│ (BatchNormalization)           │                           │        
├────────────────────────────────┼───────────────────────────┼────────
│ conv5_block1_1_relu            │ (None, 8, 8, 512)         │        
│ (Activation)                   │                           │        
├────────────────────────────────┼───────────────────────────┼────────
│ conv5_block1_2_conv (Conv2D)   │ (None, 8, 8, 512)         │        
├────────────────────────────────┼───────────────────────────┼────────
│ conv5_block1_2_bn              │ (None, 8, 8, 512)         │        
│ (BatchNormalization)           │                           │        
├────────────────────────────────┼───────────────────────────┼────────
│ conv5_block1_2_relu            │ (None, 8, 8, 512)         │        
│ (Activation)                   │                           │        
├────────────────────────────────┼───────────────────────────┼────────
│ conv5_block1_0_conv (Conv2D)   │ (None, 8, 8, 2048)        │        
├────────────────────────────────┼───────────────────────────┼────────
│ conv5_block1_3_conv (Conv2D)   │ (None, 8, 8, 2048)        │        
├────────────────────────────────┼───────────────────────────┼────────
│ conv5_block1_0_bn              │ (None, 8, 8, 2048)        │        
│ (BatchNormalization)           │                           │        
├────────────────────────────────┼───────────────────────────┼────────
│ conv5_block1_3_bn              │ (None, 8, 8, 2048)        │        
│ (BatchNormalization)           │                           │        
├────────────────────────────────┼───────────────────────────┼────────
│ conv5_block1_add (Add)         │ (None, 8, 8, 2048)        │        
│                                │                           │        
├────────────────────────────────┼───────────────────────────┼────────
│ conv5_block1_out (Activation)  │ (None, 8, 8, 2048)        │        
├────────────────────────────────┼───────────────────────────┼────────
│ conv5_block2_1_conv (Conv2D)   │ (None, 8, 8, 512)         │        
├────────────────────────────────┼───────────────────────────┼────────
│ conv5_block2_1_bn              │ (None, 8, 8, 512)         │        
│ (BatchNormalization)           │                           │        
├────────────────────────────────┼───────────────────────────┼────────
│ conv5_block2_1_relu            │ (None, 8, 8, 512)         │        
│ (Activation)                   │                           │        
├────────────────────────────────┼───────────────────────────┼────────
│ conv5_block2_2_conv (Conv2D)   │ (None, 8, 8, 512)         │        
├────────────────────────────────┼───────────────────────────┼────────
│ conv5_block2_2_bn              │ (None, 8, 8, 512)         │        
│ (BatchNormalization)           │                           │        
├────────────────────────────────┼───────────────────────────┼────────
│ conv5_block2_2_relu            │ (None, 8, 8, 512)         │        
│ (Activation)                   │                           │        
├────────────────────────────────┼───────────────────────────┼────────
│ conv5_block2_3_conv (Conv2D)   │ (None, 8, 8, 2048)        │        
├────────────────────────────────┼───────────────────────────┼────────
│ conv5_block2_3_bn              │ (None, 8, 8, 2048)        │        
│ (BatchNormalization)           │                           │        
├────────────────────────────────┼───────────────────────────┼────────
│ conv5_block2_add (Add)         │ (None, 8, 8, 2048)        │        
│                                │                           │        
├────────────────────────────────┼───────────────────────────┼────────
│ conv5_block2_out (Activation)  │ (None, 8, 8, 2048)        │        
├────────────────────────────────┼───────────────────────────┼────────
│ conv5_block3_1_conv (Conv2D)   │ (None, 8, 8, 512)         │        
├────────────────────────────────┼───────────────────────────┼────────
│ conv5_block3_1_bn              │ (None, 8, 8, 512)         │        
│ (BatchNormalization)           │                           │        
├────────────────────────────────┼───────────────────────────┼────────
│ conv5_block3_1_relu            │ (None, 8, 8, 512)         │        
│ (Activation)                   │                           │        
├────────────────────────────────┼───────────────────────────┼────────
│ conv5_block3_2_conv (Conv2D)   │ (None, 8, 8, 512)         │        
├────────────────────────────────┼───────────────────────────┼────────
│ conv5_block3_2_bn              │ (None, 8, 8, 512)         │        
│ (BatchNormalization)           │                           │        
├────────────────────────────────┼───────────────────────────┼────────
│ conv5_block3_2_relu            │ (None, 8, 8, 512)         │        
│ (Activation)                   │                           │        
├────────────────────────────────┼───────────────────────────┼────────
│ conv5_block3_3_conv (Conv2D)   │ (None, 8, 8, 2048)        │        
├────────────────────────────────┼───────────────────────────┼────────
│ conv5_block3_3_bn              │ (None, 8, 8, 2048)        │        
│ (BatchNormalization)           │                           │        
├────────────────────────────────┼───────────────────────────┼────────
│ conv5_block3_add (Add)         │ (None, 8, 8, 2048)        │        
│                                │                           │        
├────────────────────────────────┼───────────────────────────┼────────
│ conv5_block3_out (Activation)  │ (None, 8, 8, 2048)        │        
├────────────────────────────────┼───────────────────────────┼────────
│ enc4_conv1 (Conv2D)            │ (None, 8, 8, 128)         │        
├────────────────────────────────┼───────────────────────────┼────────
│ enc3_conv1 (Conv2D)            │ (None, 16, 16, 128)       │        
├────────────────────────────────┼───────────────────────────┼────────
│ enc4_bn1 (BatchNormalization)  │ (None, 8, 8, 128)         │        
├────────────────────────────────┼───────────────────────────┼────────
│ enc2_conv1 (Conv2D)            │ (None, 32, 32, 128)       │        
├────────────────────────────────┼───────────────────────────┼────────
│ enc3_bn1 (BatchNormalization)  │ (None, 16, 16, 128)       │        
├────────────────────────────────┼───────────────────────────┼────────
│ enc4_relu1 (Activation)        │ (None, 8, 8, 128)         │        
├────────────────────────────────┼───────────────────────────┼────────
│ enc1_conv1 (Conv2D)            │ (None, 64, 64, 128)       │        
├────────────────────────────────┼───────────────────────────┼────────
│ enc2_bn1 (BatchNormalization)  │ (None, 32, 32, 128)       │        
├────────────────────────────────┼───────────────────────────┼────────
│ enc3_relu1 (Activation)        │ (None, 16, 16, 128)       │        
├────────────────────────────────┼───────────────────────────┼────────
│ dropout_4 (Dropout)            │ (None, 8, 8, 128)         │        
├────────────────────────────────┼───────────────────────────┼────────
│ enc0_conv1 (Conv2D)            │ (None, 128, 128, 128)     │        
├────────────────────────────────┼───────────────────────────┼────────
│ enc1_bn1 (BatchNormalization)  │ (None, 64, 64, 128)       │        
├────────────────────────────────┼───────────────────────────┼────────
│ enc2_relu1 (Activation)        │ (None, 32, 32, 128)       │        
├────────────────────────────────┼───────────────────────────┼────────
│ dropout_3 (Dropout)            │ (None, 16, 16, 128)       │        
├────────────────────────────────┼───────────────────────────┼────────
│ enc4_conv2 (Conv2D)            │ (None, 8, 8, 128)         │        
├────────────────────────────────┼───────────────────────────┼────────
│ enc0_bn1 (BatchNormalization)  │ (None, 128, 128, 128)     │        
├────────────────────────────────┼───────────────────────────┼────────
│ enc1_relu1 (Activation)        │ (None, 64, 64, 128)       │        
├────────────────────────────────┼───────────────────────────┼────────
│ dropout_2 (Dropout)            │ (None, 32, 32, 128)       │        
├────────────────────────────────┼───────────────────────────┼────────
│ enc3_conv2 (Conv2D)            │ (None, 16, 16, 128)       │        
├────────────────────────────────┼───────────────────────────┼────────
│ enc4_bn2 (BatchNormalization)  │ (None, 8, 8, 128)         │        
├────────────────────────────────┼───────────────────────────┼────────
│ enc0_relu1 (Activation)        │ (None, 128, 128, 128)     │        
├────────────────────────────────┼───────────────────────────┼────────
│ dropout_1 (Dropout)            │ (None, 64, 64, 128)       │        
├────────────────────────────────┼───────────────────────────┼────────
│ enc2_conv2 (Conv2D)            │ (None, 32, 32, 128)       │        
├────────────────────────────────┼───────────────────────────┼────────
│ enc3_bn2 (BatchNormalization)  │ (None, 16, 16, 128)       │        
├────────────────────────────────┼───────────────────────────┼────────
│ enc4_relu2 (Activation)        │ (None, 8, 8, 128)         │        
├────────────────────────────────┼───────────────────────────┼────────
│ dropout (Dropout)              │ (None, 128, 128, 128)     │        
├────────────────────────────────┼───────────────────────────┼────────
│ enc1_conv2 (Conv2D)            │ (None, 64, 64, 128)       │        
├────────────────────────────────┼───────────────────────────┼────────
│ enc2_bn2 (BatchNormalization)  │ (None, 32, 32, 128)       │        
├────────────────────────────────┼───────────────────────────┼────────
│ enc3_relu2 (Activation)        │ (None, 16, 16, 128)       │        
├────────────────────────────────┼───────────────────────────┼────────
│ up_sampling2d_3 (UpSampling2D) │ (None, 16, 16, 128)       │        
├────────────────────────────────┼───────────────────────────┼────────
│ enc0_conv2 (Conv2D)            │ (None, 128, 128, 128)     │        
├────────────────────────────────┼───────────────────────────┼────────
│ enc1_bn2 (BatchNormalization)  │ (None, 64, 64, 128)       │        
├────────────────────────────────┼───────────────────────────┼────────
│ enc2_relu2 (Activation)        │ (None, 32, 32, 128)       │        
├────────────────────────────────┼───────────────────────────┼────────
│ up_sampling2d_2 (UpSampling2D) │ (None, 32, 32, 128)       │        
├────────────────────────────────┼───────────────────────────┼────────
│ concatenate_3 (Concatenate)    │ (None, 16, 16, 256)       │        
│                                │                           │        
├────────────────────────────────┼───────────────────────────┼────────
│ enc0_bn2 (BatchNormalization)  │ (None, 128, 128, 128)     │        
├────────────────────────────────┼───────────────────────────┼────────
│ enc1_relu2 (Activation)        │ (None, 64, 64, 128)       │        
├────────────────────────────────┼───────────────────────────┼────────
│ up_sampling2d_1 (UpSampling2D) │ (None, 64, 64, 128)       │        
├────────────────────────────────┼───────────────────────────┼────────
│ concatenate_2 (Concatenate)    │ (None, 32, 32, 256)       │        
│                                │                           │        
├────────────────────────────────┼───────────────────────────┼────────
│ d31_conv1 (Conv2D)             │ (None, 16, 16, 128)       │        
├────────────────────────────────┼───────────────────────────┼────────
│ enc0_relu2 (Activation)        │ (None, 128, 128, 128)     │        
├────────────────────────────────┼───────────────────────────┼────────
│ up_sampling2d (UpSampling2D)   │ (None, 128, 128, 128)     │        
├────────────────────────────────┼───────────────────────────┼────────
│ concatenate_1 (Concatenate)    │ (None, 64, 64, 256)       │        
│                                │                           │        
├────────────────────────────────┼───────────────────────────┼────────
│ d21_conv1 (Conv2D)             │ (None, 32, 32, 128)       │        
├────────────────────────────────┼───────────────────────────┼────────
│ d31_bn1 (BatchNormalization)   │ (None, 16, 16, 128)       │        
├────────────────────────────────┼───────────────────────────┼────────
│ concatenate (Concatenate)      │ (None, 128, 128, 256)     │        
│                                │                           │        
├────────────────────────────────┼───────────────────────────┼────────
│ d11_conv1 (Conv2D)             │ (None, 64, 64, 128)       │        
├────────────────────────────────┼───────────────────────────┼────────
│ d21_bn1 (BatchNormalization)   │ (None, 32, 32, 128)       │        
├────────────────────────────────┼───────────────────────────┼────────
│ d31_relu1 (Activation)         │ (None, 16, 16, 128)       │        
├────────────────────────────────┼───────────────────────────┼────────
│ d01_conv1 (Conv2D)             │ (None, 128, 128, 128)     │        
├────────────────────────────────┼───────────────────────────┼────────
│ d11_bn1 (BatchNormalization)   │ (None, 64, 64, 128)       │        
├────────────────────────────────┼───────────────────────────┼────────
│ d21_relu1 (Activation)         │ (None, 32, 32, 128)       │        
├────────────────────────────────┼───────────────────────────┼────────
│ dropout_8 (Dropout)            │ (None, 16, 16, 128)       │        
├────────────────────────────────┼───────────────────────────┼────────
│ d01_bn1 (BatchNormalization)   │ (None, 128, 128, 128)     │        
├────────────────────────────────┼───────────────────────────┼────────
│ d11_relu1 (Activation)         │ (None, 64, 64, 128)       │        
├────────────────────────────────┼───────────────────────────┼────────
│ dropout_7 (Dropout)            │ (None, 32, 32, 128)       │        
├────────────────────────────────┼───────────────────────────┼────────
│ d31_conv2 (Conv2D)             │ (None, 16, 16, 128)       │        
├────────────────────────────────┼───────────────────────────┼────────
│ d01_relu1 (Activation)         │ (None, 128, 128, 128)     │        
├────────────────────────────────┼───────────────────────────┼────────
│ dropout_6 (Dropout)            │ (None, 64, 64, 128)       │        
├────────────────────────────────┼───────────────────────────┼────────
│ d21_conv2 (Conv2D)             │ (None, 32, 32, 128)       │        
├────────────────────────────────┼───────────────────────────┼────────
│ d31_bn2 (BatchNormalization)   │ (None, 16, 16, 128)       │        
├────────────────────────────────┼───────────────────────────┼────────
│ dropout_5 (Dropout)            │ (None, 128, 128, 128)     │        
├────────────────────────────────┼───────────────────────────┼────────
│ d11_conv2 (Conv2D)             │ (None, 64, 64, 128)       │        
├────────────────────────────────┼───────────────────────────┼────────
│ d21_bn2 (BatchNormalization)   │ (None, 32, 32, 128)       │        
├────────────────────────────────┼───────────────────────────┼────────
│ d31_relu2 (Activation)         │ (None, 16, 16, 128)       │        
├────────────────────────────────┼───────────────────────────┼────────
│ d01_conv2 (Conv2D)             │ (None, 128, 128, 128)     │        
├────────────────────────────────┼───────────────────────────┼────────
│ d11_bn2 (BatchNormalization)   │ (None, 64, 64, 128)       │        
├────────────────────────────────┼───────────────────────────┼────────
│ d21_relu2 (Activation)         │ (None, 32, 32, 128)       │        
├────────────────────────────────┼───────────────────────────┼────────
│ up_sampling2d_6 (UpSampling2D) │ (None, 32, 32, 128)       │        
├────────────────────────────────┼───────────────────────────┼────────
│ d01_bn2 (BatchNormalization)   │ (None, 128, 128, 128)     │        
├────────────────────────────────┼───────────────────────────┼────────
│ d11_relu2 (Activation)         │ (None, 64, 64, 128)       │        
├────────────────────────────────┼───────────────────────────┼────────
│ up_sampling2d_5 (UpSampling2D) │ (None, 64, 64, 128)       │        
├────────────────────────────────┼───────────────────────────┼────────
│ concatenate_6 (Concatenate)    │ (None, 32, 32, 384)       │        
│                                │                           │        
│                                │                           │        
├────────────────────────────────┼───────────────────────────┼────────
│ d01_relu2 (Activation)         │ (None, 128, 128, 128)     │        
├────────────────────────────────┼───────────────────────────┼────────
│ up_sampling2d_4 (UpSampling2D) │ (None, 128, 128, 128)     │        
├────────────────────────────────┼───────────────────────────┼────────
│ concatenate_5 (Concatenate)    │ (None, 64, 64, 384)       │        
│                                │                           │        
│                                │                           │        
├────────────────────────────────┼───────────────────────────┼────────
│ d22_conv1 (Conv2D)             │ (None, 32, 32, 128)       │        
├────────────────────────────────┼───────────────────────────┼────────
│ concatenate_4 (Concatenate)    │ (None, 128, 128, 384)     │        
│                                │                           │        
│                                │                           │        
├────────────────────────────────┼───────────────────────────┼────────
│ d12_conv1 (Conv2D)             │ (None, 64, 64, 128)       │        
├────────────────────────────────┼───────────────────────────┼────────
│ d22_bn1 (BatchNormalization)   │ (None, 32, 32, 128)       │        
├────────────────────────────────┼───────────────────────────┼────────
│ d02_conv1 (Conv2D)             │ (None, 128, 128, 128)     │        
├────────────────────────────────┼───────────────────────────┼────────
│ d12_bn1 (BatchNormalization)   │ (None, 64, 64, 128)       │        
├────────────────────────────────┼───────────────────────────┼────────
│ d22_relu1 (Activation)         │ (None, 32, 32, 128)       │        
├────────────────────────────────┼───────────────────────────┼────────
│ d02_bn1 (BatchNormalization)   │ (None, 128, 128, 128)     │        
├────────────────────────────────┼───────────────────────────┼────────
│ d12_relu1 (Activation)         │ (None, 64, 64, 128)       │        
├────────────────────────────────┼───────────────────────────┼────────
│ dropout_11 (Dropout)           │ (None, 32, 32, 128)       │        
├────────────────────────────────┼───────────────────────────┼────────
│ d02_relu1 (Activation)         │ (None, 128, 128, 128)     │        
├────────────────────────────────┼───────────────────────────┼────────
│ dropout_10 (Dropout)           │ (None, 64, 64, 128)       │        
├────────────────────────────────┼───────────────────────────┼────────
│ d22_conv2 (Conv2D)             │ (None, 32, 32, 128)       │        
├────────────────────────────────┼───────────────────────────┼────────
│ dropout_9 (Dropout)            │ (None, 128, 128, 128)     │        
├────────────────────────────────┼───────────────────────────┼────────
│ d12_conv2 (Conv2D)             │ (None, 64, 64, 128)       │        
├────────────────────────────────┼───────────────────────────┼────────
│ d22_bn2 (BatchNormalization)   │ (None, 32, 32, 128)       │        
├────────────────────────────────┼───────────────────────────┼────────
│ d02_conv2 (Conv2D)             │ (None, 128, 128, 128)     │        
├────────────────────────────────┼───────────────────────────┼────────
│ d12_bn2 (BatchNormalization)   │ (None, 64, 64, 128)       │        
├────────────────────────────────┼───────────────────────────┼────────
│ d22_relu2 (Activation)         │ (None, 32, 32, 128)       │        
├────────────────────────────────┼───────────────────────────┼────────
│ d02_bn2 (BatchNormalization)   │ (None, 128, 128, 128)     │        
├────────────────────────────────┼───────────────────────────┼────────
│ d12_relu2 (Activation)         │ (None, 64, 64, 128)       │        
├────────────────────────────────┼───────────────────────────┼────────
│ up_sampling2d_8 (UpSampling2D) │ (None, 64, 64, 128)       │        
├────────────────────────────────┼───────────────────────────┼────────
│ d02_relu2 (Activation)         │ (None, 128, 128, 128)     │        
├────────────────────────────────┼───────────────────────────┼────────
│ up_sampling2d_7 (UpSampling2D) │ (None, 128, 128, 128)     │        
├────────────────────────────────┼───────────────────────────┼────────
│ concatenate_8 (Concatenate)    │ (None, 64, 64, 512)       │        
│                                │                           │        
│                                │                           │        
│                                │                           │        
├────────────────────────────────┼───────────────────────────┼────────
│ concatenate_7 (Concatenate)    │ (None, 128, 128, 512)     │        
│                                │                           │        
│                                │                           │        
│                                │                           │        
├────────────────────────────────┼───────────────────────────┼────────
│ d13_conv1 (Conv2D)             │ (None, 64, 64, 128)       │        
├────────────────────────────────┼───────────────────────────┼────────
│ d03_conv1 (Conv2D)             │ (None, 128, 128, 128)     │        
├────────────────────────────────┼───────────────────────────┼────────
│ d13_bn1 (BatchNormalization)   │ (None, 64, 64, 128)       │        
├────────────────────────────────┼───────────────────────────┼────────
│ d03_bn1 (BatchNormalization)   │ (None, 128, 128, 128)     │        
├────────────────────────────────┼───────────────────────────┼────────
│ d13_relu1 (Activation)         │ (None, 64, 64, 128)       │        
├────────────────────────────────┼───────────────────────────┼────────
│ d03_relu1 (Activation)         │ (None, 128, 128, 128)     │        
├────────────────────────────────┼───────────────────────────┼────────
│ dropout_13 (Dropout)           │ (None, 64, 64, 128)       │        
├────────────────────────────────┼───────────────────────────┼────────
│ dropout_12 (Dropout)           │ (None, 128, 128, 128)     │        
├────────────────────────────────┼───────────────────────────┼────────
│ d13_conv2 (Conv2D)             │ (None, 64, 64, 128)       │        
├────────────────────────────────┼───────────────────────────┼────────
│ d03_conv2 (Conv2D)             │ (None, 128, 128, 128)     │        
├────────────────────────────────┼───────────────────────────┼────────
│ d13_bn2 (BatchNormalization)   │ (None, 64, 64, 128)       │        
├────────────────────────────────┼───────────────────────────┼────────
│ d03_bn2 (BatchNormalization)   │ (None, 128, 128, 128)     │        
├────────────────────────────────┼───────────────────────────┼────────
│ d13_relu2 (Activation)         │ (None, 64, 64, 128)       │        
├────────────────────────────────┼───────────────────────────┼────────
│ d03_relu2 (Activation)         │ (None, 128, 128, 128)     │        
├────────────────────────────────┼───────────────────────────┼────────
│ up_sampling2d_9 (UpSampling2D) │ (None, 128, 128, 128)     │        
├────────────────────────────────┼───────────────────────────┼────────
│ concatenate_9 (Concatenate)    │ (None, 128, 128, 640)     │        
│                                │                           │        
│                                │                           │        
│                                │                           │        
│                                │                           │        
├────────────────────────────────┼───────────────────────────┼────────
│ d04_conv1 (Conv2D)             │ (None, 128, 128, 128)     │        
├────────────────────────────────┼───────────────────────────┼────────
│ d04_bn1 (BatchNormalization)   │ (None, 128, 128, 128)     │        
├────────────────────────────────┼───────────────────────────┼────────
│ d04_relu1 (Activation)         │ (None, 128, 128, 128)     │        
├────────────────────────────────┼───────────────────────────┼────────
│ dropout_14 (Dropout)           │ (None, 128, 128, 128)     │        
├────────────────────────────────┼───────────────────────────┼────────
│ d04_conv2 (Conv2D)             │ (None, 128, 128, 128)     │        
├────────────────────────────────┼───────────────────────────┼────────
│ d04_bn2 (BatchNormalization)   │ (None, 128, 128, 128)     │        
├────────────────────────────────┼───────────────────────────┼────────
│ d04_relu2 (Activation)         │ (None, 128, 128, 128)     │        
├────────────────────────────────┼───────────────────────────┼────────
│ up_sampling2d_10               │ (None, 256, 256, 128)     │        
│ (UpSampling2D)                 │                           │        
├────────────────────────────────┼───────────────────────────┼────────
│ seg_output (Conv2D)            │ (None, 256, 256, 1)       │        
└────────────────────────────────┴───────────────────────────┴────────
 Total params: 34,736,129 (132.51 MB)
 Trainable params: 34,675,329 (132.28 MB)
 Non-trainable params: 60,800 (237.50 KB)

      Trainable parameters     : 34,675,329
      Non-trainable parameters : 60,800

[3/5] Compiling ...
D:\labdatanew@aniket\.venv\Lib\site-packages\keras\src\saving\saving_lib.py:798: UserWarning: Skipping variable loading for optimizer 'adam', because it has 2 variables whereas the saved optimizer has 610 variables. 
  saveable.load_own_variables(weights_store.get(inner_path))

[RESUME] Loaded weights  : d:\labdatanew@aniket\unet++\models\best_model.keras
[RESUME] Resuming from   : Epoch 11/100

[4/5] Training ...
      Epochs       : 100
      Start epoch  : 11
      Batch size   : 4
      LR           : 5e-05
Epoch 11/100

[1m  1/125[0m [37m━━━━━━━━━━━━━━━━━━━━[0m [1m1:16:35[0m 37s/step - accuracy: 0.9218 - dice_coeff: 0.9282 - iou_score: 0.9109 - loss: 0.2789 - precision: 0.9239 - recall: 0.9848
[1m  2/125[0m [37m━━━━━━━━━━━━━━━━━━━━[0m [1m13:41[0m 7s/step - accuracy: 0.9237 - dice_coeff: 0.9290 - iou_score: 0.9132 - loss: 0.2750 - precision: 0.9278 - recall: 0.9831   
[1m  3/125[0m [37m━━━━━━━━━━━━━━━━━━━━[0m [1m13:36[0m 7s/step - accuracy: 0.9229 - dice_coeff: 0.9283 - iou_score: 0.9123 - loss: 0.2778 - precision: 0.9275 - recall: 0.9824
[1m  4/125[0m [37m━━━━━━━━━━━━━━━━━━━━[0m [1m13:28[0m 7s/step - accuracy: 0.9224 - dice_coeff: 0.9279 - iou_score: 0.9118 - loss: 0.2795 - precision: 0.9278 - recall: 0.9815
[1m  5/125[0m [37m━━━━━━━━━━━━━━━━━━━━[0m [1m13:21[0m 7s/step - accuracy: 0.9225 - dice_coeff: 0.9278 - iou_score: 0.9120 - loss: 0.2794 - precision: 0.9285 - recall: 0.9809
[1m  6/125[0m [37m━━━━━━━━━━━━━━━━━━━━[0m [1m13:16[0m 7s/step - accuracy: 0.9226 - dice_coeff: 0.9278 - iou_score: 0.9121 - loss: 0.2790 - precision: 0.9289 - recall: 0.9806
[1m  7/125[0m [32m━[0m[37m━━━━━━━━━━━━━━━━━━━[0m [1m13:11[0m 7s/step - accuracy: 0.9230 - dice_coeff: 0.9279 - iou_score: 0.9126 - loss: 0.2780 - precision: 0.9296 - recall: 0.9804
[1m  8/125[0m [32m━[0m[37m━━━━━━━━━━━━━━━━━━━[0m [1m13:05[0m 7s/step - accuracy: 0.9231 - dice_coeff: 0.9279 - iou_score: 0.9127 - loss: 0.2777 - precision: 0.9299 - recall: 0.9802
[1m  9/125[0m [32m━[0m[37m━━━━━━━━━━━━━━━━━━━[0m [1m13:01[0m 7s/step - accuracy: 0.9231 - dice_coeff: 0.9279 - iou_score: 0.9128 - loss: 0.2776 - precision: 0.9300 - recall: 0.9801
[1m 10/125[0m [32m━[0m[37m━━━━━━━━━━━━━━━━━━━[0m [1m12:55[0m 7s/step - accuracy: 0.9230 - dice_coeff: 0.9278 - iou_score: 0.9127 - loss: 0.2780 - precision: 0.9299 - recall: 0.9801
[1m 11/125[0m [32m━[0m[37m━━━━━━━━━━━━━━━━━━━[0m [1m12:48[0m 7s/step - accuracy: 0.9229 - dice_coeff: 0.9277 - iou_score: 0.9125 - loss: 0.2784 - precision: 0.9298 - recall: 0.9801
[1m 12/125[0m [32m━[0m[37m━━━━━━━━━━━━━━━━━━━[0m [1m12:42[0m 7s/step - accuracy: 0.9228 - dice_coeff: 0.9276 - iou_score: 0.9125 - loss: 0.2786 - precision: 0.9298 - recall: 0.9801
[1m 13/125[0m [32m━━[0m[37m━━━━━━━━━━━━━━━━━━[0m [1m12:36[0m 7s/step - accuracy: 0.9226 - dice_coeff: 0.9275 - iou_score: 0.9123 - loss: 0.2790 - precision: 0.9296 - recall: 0.9801
[1m 14/125[0m [32m━━[0m[37m━━━━━━━━━━━━━━━━━━[0m [1m12:30[0m 7s/step - accuracy: 0.9226 - dice_coeff: 0.9275 - iou_score: 0.9122 - loss: 0.2792 - precision: 0.9294 - recall: 0.9802
[1m 15/125[0m [32m━━[0m[37m━━━━━━━━━━━━━━━━━━[0m [1m12:22[0m 7s/step - accuracy: 0.9224 - dice_coeff: 0.9274 - iou_score: 0.9121 - loss: 0.2796 - precision: 0.9293 - recall: 0.9802
[1m 16/125[0m [32m━━[0m[37m━━━━━━━━━━━━━━━━━━[0m [1m12:16[0m 7s/step - accuracy: 0.9224 - dice_coeff: 0.9274 - iou_score: 0.9120 - loss: 0.2798 - precision: 0.9292 - recall: 0.9802
[1m 17/125[0m [32m━━[0m[37m━━━━━━━━━━━━━━━━━━[0m [1m12:10[0m 7s/step - accuracy: 0.9223 - dice_coeff: 0.9273 - iou_score: 0.9120 - loss: 0.2799 - precision: 0.9291 - recall: 0.9802
[1m 18/125[0m [32m━━[0m[37m━━━━━━━━━━━━━━━━━━[0m [1m12:03[0m 7s/step - accuracy: 0.9223 - dice_coeff: 0.9273 - iou_score: 0.9120 - loss: 0.2799 - precision: 0.9291 - recall: 0.9802
[1m 19/125[0m [32m━━━[0m[37m━━━━━━━━━━━━━━━━━[0m [1m11:58[0m 7s/step - accuracy: 0.9223 - dice_coeff: 0.9273 - iou_score: 0.9119 - loss: 0.2800 - precision: 0.9290 - recall: 0.9803
[1m 20/125[0m [32m━━━[0m[37m━━━━━━━━━━━━━━━━━[0m [1m11:52[0m 7s/step - accuracy: 0.9223 - dice_coeff: 0.9273 - iou_score: 0.9119 - loss: 0.2800 - precision: 0.9290 - recall: 0.9803
[1m 21/125[0m [32m━━━[0m[37m━━━━━━━━━━━━━━━━━[0m [1m11:46[0m 7s/step - accuracy: 0.9222 - dice_coeff: 0.9272 - iou_score: 0.9118 - loss: 0.2801 - precision: 0.9289 - recall: 0.9803
[1m 22/125[0m [32m━━━[0m[37m━━━━━━━━━━━━━━━━━[0m [1m11:40[0m 7s/step - accuracy: 0.9222 - dice_coeff: 0.9272 - iou_score: 0.9118 - loss: 0.2803 - precision: 0.9289 - recall: 0.9802
[1m 23/125[0m [32m━━━[0m[37m━━━━━━━━━━━━━━━━━[0m [1m11:34[0m 7s/step - accuracy: 0.9221 - dice_coeff: 0.9272 - iou_score: 0.9117 - loss: 0.2804 - precision: 0.9288 - recall: 0.9802
[1m 24/125[0m [32m━━━[0m[37m━━━━━━━━━━━━━━━━━[0m [1m11:27[0m 7s/step - accuracy: 0.9221 - dice_coeff: 0.9271 - iou_score: 0.9117 - loss: 0.2804 - precision: 0.9288 - recall: 0.9802
[1m 25/125[0m [32m━━━━[0m[37m━━━━━━━━━━━━━━━━[0m [1m11:21[0m 7s/step - accuracy: 0.9220 - dice_coeff: 0.9271 - iou_score: 0.9116 - loss: 0.2805 - precision: 0.9288 - recall: 0.9802
[1m 26/125[0m [32m━━━━[0m[37m━━━━━━━━━━━━━━━━[0m [1m11:14[0m 7s/step - accuracy: 0.9220 - dice_coeff: 0.9271 - iou_score: 0.9116 - loss: 0.2806 - precision: 0.9287 - recall: 0.9802
[1m 27/125[0m [32m━━━━[0m[37m━━━━━━━━━━━━━━━━[0m [1m11:08[0m 7s/step - accuracy: 0.9219 - dice_coeff: 0.9270 - iou_score: 0.9115 - loss: 0.2808 - precision: 0.9287 - recall: 0.9802
[1m 28/125[0m [32m━━━━[0m[37m━━━━━━━━━━━━━━━━[0m [1m11:03[0m 7s/step - accuracy: 0.9219 - dice_coeff: 0.9270 - iou_score: 0.9114 - loss: 0.2809 - precision: 0.9286 - recall: 0.9802
[1m 29/125[0m [32m━━━━[0m[37m━━━━━━━━━━━━━━━━[0m [1m10:57[0m 7s/step - accuracy: 0.9218 - dice_coeff: 0.9269 - iou_score: 0.9113 - loss: 0.2812 - precision: 0.9285 - recall: 0.9801
[1m 30/125[0m [32m━━━━[0m[37m━━━━━━━━━━━━━━━━[0m [1m10:50[0m 7s/step - accuracy: 0.9217 - dice_coeff: 0.9269 - iou_score: 0.9113 - loss: 0.2813 - precision: 0.9285 - recall: 0.9801
[1m 31/125[0m [32m━━━━[0m[37m━━━━━━━━━━━━━━━━[0m [1m10:44[0m 7s/step - accuracy: 0.9217 - dice_coeff: 0.9268 - iou_score: 0.9112 - loss: 0.2815 - precision: 0.9284 - recall: 0.9801
[1m 32/125[0m [32m━━━━━[0m[37m━━━━━━━━━━━━━━━[0m [1m10:38[0m 7s/step - accuracy: 0.9216 - dice_coeff: 0.9268 - iou_score: 0.9112 - loss: 0.2817 - precision: 0.9284 - recall: 0.9801
[1m 33/125[0m [32m━━━━━[0m[37m━━━━━━━━━━━━━━━[0m [1m10:33[0m 7s/step - accuracy: 0.9216 - dice_coeff: 0.9267 - iou_score: 0.9111 - loss: 0.2818 - precision: 0.9283 - recall: 0.9801
[1m 34/125[0m [32m━━━━━[0m[37m━━━━━━━━━━━━━━━[0m [1m10:27[0m 7s/step - accuracy: 0.9215 - dice_coeff: 0.9267 - iou_score: 0.9111 - loss: 0.2819 - precision: 0.9283 - recall: 0.9801
[1m 35/125[0m [32m━━━━━[0m[37m━━━━━━━━━━━━━━━[0m [1m10:21[0m 7s/step - accuracy: 0.9215 - dice_coeff: 0.9267 - iou_score: 0.9110 - loss: 0.2820 - precision: 0.9283 - recall: 0.9801
[1m 36/125[0m [32m━━━━━[0m[37m━━━━━━━━━━━━━━━[0m [1m10:15[0m 7s/step - accuracy: 0.9215 - dice_coeff: 0.9266 - iou_score: 0.9110 - loss: 0.2822 - precision: 0.9282 - recall: 0.9801
[1m 37/125[0m [32m━━━━━[0m[37m━━━━━━━━━━━━━━━[0m [1m10:10[0m 7s/step - accuracy: 0.9214 - dice_coeff: 0.9266 - iou_score: 0.9109 - loss: 0.2823 - precision: 0.9282 - recall: 0.9800
[1m 38/125[0m [32m━━━━━━[0m[37m━━━━━━━━━━━━━━[0m [1m10:03[0m 7s/step - accuracy: 0.9214 - dice_coeff: 0.9265 - iou_score: 0.9109 - loss: 0.2824 - precision: 0.9282 - recall: 0.9800
[1m 39/125[0m [32m━━━━━━[0m[37m━━━━━━━━━━━━━━[0m [1m9:56[0m 7s/step - accuracy: 0.9213 - dice_coeff: 0.9265 - iou_score: 0.9109 - loss: 0.2825 - precision: 0.9281 - recall: 0.9800 
[1m 40/125[0m [32m━━━━━━[0m[37m━━━━━━━━━━━━━━[0m [1m9:49[0m 7s/step - accuracy: 0.9213 - dice_coeff: 0.9265 - iou_score: 0.9108 - loss: 0.2826 - precision: 0.9281 - recall: 0.9800
[1m 41/125[0m [32m━━━━━━[0m[37m━━━━━━━━━━━━━━[0m [1m9:42[0m 7s/step - accuracy: 0.9213 - dice_coeff: 0.9265 - iou_score: 0.9108 - loss: 0.2827 - precision: 0.9281 - recall: 0.9800
[1m 42/125[0m [32m━━━━━━[0m[37m━━━━━━━━━━━━━━[0m [1m9:35[0m 7s/step - accuracy: 0.9213 - dice_coeff: 0.9265 - iou_score: 0.9108 - loss: 0.2828 - precision: 0.9281 - recall: 0.9800
[1m 43/125[0m [32m━━━━━━[0m[37m━━━━━━━━━━━━━━[0m [1m9:28[0m 7s/step - accuracy: 0.9212 - dice_coeff: 0.9264 - iou_score: 0.9108 - loss: 0.2828 - precision: 0.9281 - recall: 0.9800
[1m 44/125[0m [32m━━━━━━━[0m[37m━━━━━━━━━━━━━[0m [1m9:21[0m 7s/step - accuracy: 0.9212 - dice_coeff: 0.9264 - iou_score: 0.9107 - loss: 0.2828 - precision: 0.9280 - recall: 0.9800
[1m 45/125[0m [32m━━━━━━━[0m[37m━━━━━━━━━━━━━[0m [1m9:14[0m 7s/step - accuracy: 0.9212 - dice_coeff: 0.9264 - iou_score: 0.9107 - loss: 0.2829 - precision: 0.9280 - recall: 0.9800
[1m 46/125[0m [32m━━━━━━━[0m[37m━━━━━━━━━━━━━[0m [1m9:07[0m 7s/step - accuracy: 0.9212 - dice_coeff: 0.9264 - iou_score: 0.9107 - loss: 0.2829 - precision: 0.9280 - recall: 0.9800
[1m 47/125[0m [32m━━━━━━━[0m[37m━━━━━━━━━━━━━[0m [1m9:01[0m 7s/step - accuracy: 0.9212 - dice_coeff: 0.9264 - iou_score: 0.9107 - loss: 0.2829 - precision: 0.9280 - recall: 0.9800
[1m 48/125[0m [32m━━━━━━━[0m[37m━━━━━━━━━━━━━[0m [1m8:54[0m 7s/step - accuracy: 0.9212 - dice_coeff: 0.9264 - iou_score: 0.9107 - loss: 0.2828 - precision: 0.9280 - recall: 0.9800
[1m 49/125[0m [32m━━━━━━━[0m[37m━━━━━━━━━━━━━[0m [1m8:47[0m 7s/step - accuracy: 0.9212 - dice_coeff: 0.9264 - iou_score: 0.9107 - loss: 0.2828 - precision: 0.9280 - recall: 0.9800
[1m 50/125[0m [32m━━━━━━━━[0m[37m━━━━━━━━━━━━[0m [1m8:41[0m 7s/step - accuracy: 0.9212 - dice_coeff: 0.9264 - iou_score: 0.9107 - loss: 0.2828 - precision: 0.9280 - recall: 0.9800
[1m 51/125[0m [32m━━━━━━━━[0m[37m━━━━━━━━━━━━[0m [1m8:34[0m 7s/step - accuracy: 0.9212 - dice_coeff: 0.9264 - iou_score: 0.9107 - loss: 0.2828 - precision: 0.9280 - recall: 0.9800
[1m 52/125[0m [32m━━━━━━━━[0m[37m━━━━━━━━━━━━[0m [1m8:27[0m 7s/step - accuracy: 0.9212 - dice_coeff: 0.9264 - iou_score: 0.9107 - loss: 0.2828 - precision: 0.9280 - recall: 0.9800
[1m 53/125[0m [32m━━━━━━━━[0m[37m━━━━━━━━━━━━[0m [1m8:21[0m 7s/step - accuracy: 0.9212 - dice_coeff: 0.9264 - iou_score: 0.9107 - loss: 0.2828 - precision: 0.9280 - recall: 0.9800
[1m 54/125[0m [32m━━━━━━━━[0m[37m━━━━━━━━━━━━[0m [1m8:14[0m 7s/step - accuracy: 0.9212 - dice_coeff: 0.9264 - iou_score: 0.9107 - loss: 0.2828 - precision: 0.9280 - recall: 0.9800
[1m 55/125[0m [32m━━━━━━━━[0m[37m━━━━━━━━━━━━[0m [1m8:07[0m 7s/step - accuracy: 0.9212 - dice_coeff: 0.9265 - iou_score: 0.9107 - loss: 0.2828 - precision: 0.9280 - recall: 0.9800
[1m 56/125[0m [32m━━━━━━━━[0m[37m━━━━━━━━━━━━[0m [1m8:01[0m 7s/step - accuracy: 0.9212 - dice_coeff: 0.9265 - iou_score: 0.9107 - loss: 0.2828 - precision: 0.9280 - recall: 0.9800
[1m 57/125[0m [32m━━━━━━━━━[0m[37m━━━━━━━━━━━[0m [1m7:54[0m 7s/step - accuracy: 0.9212 - dice_coeff: 0.9265 - iou_score: 0.9107 - loss: 0.2828 - precision: 0.9280 - recall: 0.9800
[1m 58/125[0m [32m━━━━━━━━━[0m[37m━━━━━━━━━━━[0m [1m7:48[0m 7s/step - accuracy: 0.9212 - dice_coeff: 0.9265 - iou_score: 0.9107 - loss: 0.2827 - precision: 0.9280 - recall: 0.9800
[1m 59/125[0m [32m━━━━━━━━━[0m[37m━━━━━━━━━━━[0m [1m7:41[0m 7s/step - accuracy: 0.9212 - dice_coeff: 0.9265 - iou_score: 0.9107 - loss: 0.2827 - precision: 0.9280 - recall: 0.9800
[1m 60/125[0m [32m━━━━━━━━━[0m[37m━━━━━━━━━━━[0m [1m7:35[0m 7s/step - accuracy: 0.9212 - dice_coeff: 0.9265 - iou_score: 0.9107 - loss: 0.2827 - precision: 0.9280 - recall: 0.9800
[1m 61/125[0m [32m━━━━━━━━━[0m[37m━━━━━━━━━━━[0m [1m7:28[0m 7s/step - accuracy: 0.9212 - dice_coeff: 0.9265 - iou_score: 0.9107 - loss: 0.2827 - precision: 0.9281 - recall: 0.9800
[1m 62/125[0m [32m━━━━━━━━━[0m[37m━━━━━━━━━━━[0m [1m7:22[0m 7s/step - accuracy: 0.9212 - dice_coeff: 0.9265 - iou_score: 0.9107 - loss: 0.2827 - precision: 0.9281 - recall: 0.9800
[1m 63/125[0m [32m━━━━━━━━━━[0m[37m━━━━━━━━━━[0m [1m7:15[0m 7s/step - accuracy: 0.9212 - dice_coeff: 0.9265 - iou_score: 0.9107 - loss: 0.2827 - precision: 0.9280 - recall: 0.9800
[1m 64/125[0m [32m━━━━━━━━━━[0m[37m━━━━━━━━━━[0m [1m7:09[0m 7s/step - accuracy: 0.9212 - dice_coeff: 0.9265 - iou_score: 0.9107 - loss: 0.2827 - precision: 0.9280 - recall: 0.9800
[1m 65/125[0m [32m━━━━━━━━━━[0m[37m━━━━━━━━━━[0m [1m7:02[0m 7s/step - accuracy: 0.9212 - dice_coeff: 0.9265 - iou_score: 0.9107 - loss: 0.2827 - precision: 0.9280 - recall: 0.9800
[1m 66/125[0m [32m━━━━━━━━━━[0m[37m━━━━━━━━━━[0m [1m6:56[0m 7s/step - accuracy: 0.9212 - dice_coeff: 0.9265 - iou_score: 0.9107 - loss: 0.2827 - precision: 0.9280 - recall: 0.9800
[1m 67/125[0m [32m━━━━━━━━━━[0m[37m━━━━━━━━━━[0m [1m6:49[0m 7s/step - accuracy: 0.9212 - dice_coeff: 0.9265 - iou_score: 0.9107 - loss: 0.2827 - precision: 0.9280 - recall: 0.9800
[1m 68/125[0m [32m━━━━━━━━━━[0m[37m━━━━━━━━━━[0m [1m6:42[0m 7s/step - accuracy: 0.9212 - dice_coeff: 0.9265 - iou_score: 0.9107 - loss: 0.2828 - precision: 0.9280 - recall: 0.9800
[1m 69/125[0m [32m━━━━━━━━━━━[0m[37m━━━━━━━━━[0m [1m6:35[0m 7s/step - accuracy: 0.9212 - dice_coeff: 0.9265 - iou_score: 0.9107 - loss: 0.2828 - precision: 0.9280 - recall: 0.9800
[1m 70/125[0m [32m━━━━━━━━━━━[0m[37m━━━━━━━━━[0m [1m6:29[0m 7s/step - accuracy: 0.9212 - dice_coeff: 0.9264 - iou_score: 0.9107 - loss: 0.2828 - precision: 0.9280 - recall: 0.9800
[1m 71/125[0m [32m━━━━━━━━━━━[0m[37m━━━━━━━━━[0m [1m6:22[0m 7s/step - accuracy: 0.9212 - dice_coeff: 0.9264 - iou_score: 0.9107 - loss: 0.2828 - precision: 0.9280 - recall: 0.9800
[1m 72/125[0m [32m━━━━━━━━━━━[0m[37m━━━━━━━━━[0m [1m6:15[0m 7s/step - accuracy: 0.9212 - dice_coeff: 0.9264 - iou_score: 0.9107 - loss: 0.2828 - precision: 0.9280 - recall: 0.9800
[1m 73/125[0m [32m━━━━━━━━━━━[0m[37m━━━━━━━━━[0m [1m6:08[0m 7s/step - accuracy: 0.9211 - dice_coeff: 0.9264 - iou_score: 0.9106 - loss: 0.2828 - precision: 0.9280 - recall: 0.9800
[1m 74/125[0m [32m━━━━━━━━━━━[0m[37m━━━━━━━━━[0m [1m6:01[0m 7s/step - accuracy: 0.9211 - dice_coeff: 0.9264 - iou_score: 0.9106 - loss: 0.2829 - precision: 0.9280 - recall: 0.9800
[1m 75/125[0m [32m━━━━━━━━━━━━[0m[37m━━━━━━━━[0m [1m5:55[0m 7s/step - accuracy: 0.9211 - dice_coeff: 0.9264 - iou_score: 0.9106 - loss: 0.2829 - precision: 0.9280 - recall: 0.9800
[1m 76/125[0m [32m━━━━━━━━━━━━[0m[37m━━━━━━━━[0m [1m5:48[0m 7s/step - accuracy: 0.9211 - dice_coeff: 0.9264 - iou_score: 0.9106 - loss: 0.2829 - precision: 0.9279 - recall: 0.9800
[1m 77/125[0m [32m━━━━━━━━━━━━[0m[37m━━━━━━━━[0m [1m5:41[0m 7s/step - accuracy: 0.9211 - dice_coeff: 0.9264 - iou_score: 0.9106 - loss: 0.2829 - precision: 0.9279 - recall: 0.9800
[1m 78/125[0m [32m━━━━━━━━━━━━[0m[37m━━━━━━━━[0m [1m5:34[0m 7s/step - accuracy: 0.9211 - dice_coeff: 0.9264 - iou_score: 0.9106 - loss: 0.2829 - precision: 0.9279 - recall: 0.9799
[1m 79/125[0m [32m━━━━━━━━━━━━[0m[37m━━━━━━━━[0m [1m5:27[0m 7s/step - accuracy: 0.9211 - dice_coeff: 0.9264 - iou_score: 0.9106 - loss: 0.2829 - precision: 0.9279 - recall: 0.9799
[1m 80/125[0m [32m━━━━━━━━━━━━[0m[37m━━━━━━━━[0m [1m5:21[0m 7s/step - accuracy: 0.9211 - dice_coeff: 0.9264 - iou_score: 0.9106 - loss: 0.2829 - precision: 0.9279 - recall: 0.9799
[1m 81/125[0m [32m━━━━━━━━━━━━[0m[37m━━━━━━━━[0m [1m5:14[0m 7s/step - accuracy: 0.9211 - dice_coeff: 0.9264 - iou_score: 0.9106 - loss: 0.2829 - precision: 0.9279 - recall: 0.9799
[1m 82/125[0m [32m━━━━━━━━━━━━━[0m[37m━━━━━━━[0m [1m5:07[0m 7s/step - accuracy: 0.9211 - dice_coeff: 0.9264 - iou_score: 0.9106 - loss: 0.2829 - precision: 0.9279 - recall: 0.9799
[1m 83/125[0m [32m━━━━━━━━━━━━━[0m[37m━━━━━━━[0m [1m5:00[0m 7s/step - accuracy: 0.9211 - dice_coeff: 0.9264 - iou_score: 0.9106 - loss: 0.2829 - precision: 0.9279 - recall: 0.9799
[1m 84/125[0m [32m━━━━━━━━━━━━━[0m[37m━━━━━━━[0m [1m4:54[0m 7s/step - accuracy: 0.9211 - dice_coeff: 0.9264 - iou_score: 0.9106 - loss: 0.2830 - precision: 0.9279 - recall: 0.9799
[1m 85/125[0m [32m━━━━━━━━━━━━━[0m[37m━━━━━━━[0m [1m4:47[0m 7s/step - accuracy: 0.9211 - dice_coeff: 0.9264 - iou_score: 0.9106 - loss: 0.2830 - precision: 0.9279 - recall: 0.9799
[1m 86/125[0m [32m━━━━━━━━━━━━━[0m[37m━━━━━━━[0m [1m4:39[0m 7s/step - accuracy: 0.9211 - dice_coeff: 0.9264 - iou_score: 0.9105 - loss: 0.2830 - precision: 0.9279 - recall: 0.9799
[1m 87/125[0m [32m━━━━━━━━━━━━━[0m[37m━━━━━━━[0m [1m4:32[0m 7s/step - accuracy: 0.9211 - dice_coeff: 0.9264 - iou_score: 0.9105 - loss: 0.2830 - precision: 0.9279 - recall: 0.9799
[1m 88/125[0m [32m━━━━━━━━━━━━━━[0m[37m━━━━━━[0m [1m4:25[0m 7s/step - accuracy: 0.9211 - dice_coeff: 0.9264 - iou_score: 0.9105 - loss: 0.2830 - precision: 0.9279 - recall: 0.9799
[1m 89/125[0m [32m━━━━━━━━━━━━━━[0m[37m━━━━━━[0m [1m4:18[0m 7s/step - accuracy: 0.9211 - dice_coeff: 0.9264 - iou_score: 0.9105 - loss: 0.2830 - precision: 0.9279 - recall: 0.9799
[1m 90/125[0m [32m━━━━━━━━━━━━━━[0m[37m━━━━━━[0m [1m4:11[0m 7s/step - accuracy: 0.9210 - dice_coeff: 0.9264 - iou_score: 0.9105 - loss: 0.2830 - precision: 0.9279 - recall: 0.9799
[1m 91/125[0m [32m━━━━━━━━━━━━━━[0m[37m━━━━━━[0m [1m4:04[0m 7s/step - accuracy: 0.9210 - dice_coeff: 0.9264 - iou_score: 0.9105 - loss: 0.2830 - precision: 0.9279 - recall: 0.9799
[1m 92/125[0m [32m━━━━━━━━━━━━━━[0m[37m━━━━━━[0m [1m3:57[0m 7s/step - accuracy: 0.9210 - dice_coeff: 0.9264 - iou_score: 0.9105 - loss: 0.2830 - precision: 0.9279 - recall: 0.9799
[1m 93/125[0m [32m━━━━━━━━━━━━━━[0m[37m━━━━━━[0m [1m3:50[0m 7s/step - accuracy: 0.9210 - dice_coeff: 0.9264 - iou_score: 0.9105 - loss: 0.2830 - precision: 0.9279 - recall: 0.9799
[1m 94/125[0m [32m━━━━━━━━━━━━━━━[0m[37m━━━━━[0m [1m3:43[0m 7s/step - accuracy: 0.9210 - dice_coeff: 0.9264 - iou_score: 0.9105 - loss: 0.2830 - precision: 0.9279 - recall: 0.9799
[1m 95/125[0m [32m━━━━━━━━━━━━━━━[0m[37m━━━━━[0m [1m3:36[0m 7s/step - accuracy: 0.9210 - dice_coeff: 0.9264 - iou_score: 0.9105 - loss: 0.2830 - precision: 0.9279 - recall: 0.9799
[1m 96/125[0m [32m━━━━━━━━━━━━━━━[0m[37m━━━━━[0m [1m3:29[0m 7s/step - accuracy: 0.9210 - dice_coeff: 0.9264 - iou_score: 0.9105 - loss: 0.2830 - precision: 0.9279 - recall: 0.9799
[1m 97/125[0m [32m━━━━━━━━━━━━━━━[0m[37m━━━━━[0m [1m3:22[0m 7s/step - accuracy: 0.9210 - dice_coeff: 0.9264 - iou_score: 0.9105 - loss: 0.2830 - precision: 0.9279 - recall: 0.9799
[1m 98/125[0m [32m━━━━━━━━━━━━━━━[0m[37m━━━━━[0m [1m3:15[0m 7s/step - accuracy: 0.9210 - dice_coeff: 0.9264 - iou_score: 0.9105 - loss: 0.2831 - precision: 0.9279 - recall: 0.9799
[1m 99/125[0m [32m━━━━━━━━━━━━━━━[0m[37m━━━━━[0m [1m3:08[0m 7s/step - accuracy: 0.9210 - dice_coeff: 0.9264 - iou_score: 0.9105 - loss: 0.2831 - precision: 0.9279 - recall: 0.9799
[1m100/125[0m [32m━━━━━━━━━━━━━━━━[0m[37m━━━━[0m [1m3:00[0m 7s/step - accuracy: 0.9210 - dice_coeff: 0.9264 - iou_score: 0.9105 - loss: 0.2831 - precision: 0.9278 - recall: 0.9799
[1m101/125[0m [32m━━━━━━━━━━━━━━━━[0m[37m━━━━[0m [1m2:53[0m 7s/step - accuracy: 0.9210 - dice_coeff: 0.9264 - iou_score: 0.9105 - loss: 0.2831 - precision: 0.9278 - recall: 0.9799
[1m102/125[0m [32m━━━━━━━━━━━━━━━━[0m[37m━━━━[0m [1m2:46[0m 7s/step - accuracy: 0.9210 - dice_coeff: 0.9264 - iou_score: 0.9105 - loss: 0.2831 - precision: 0.9278 - recall: 0.9799
[1m103/125[0m [32m━━━━━━━━━━━━━━━━[0m[37m━━━━[0m [1m2:39[0m 7s/step - accuracy: 0.9210 - dice_coeff: 0.9264 - iou_score: 0.9105 - loss: 0.2831 - precision: 0.9278 - recall: 0.9799
[1m104/125[0m [32m━━━━━━━━━━━━━━━━[0m[37m━━━━[0m [1m2:32[0m 7s/step - accuracy: 0.9210 - dice_coeff: 0.9264 - iou_score: 0.9105 - loss: 0.2831 - precision: 0.9278 - recall: 0.9799
[1m105/125[0m [32m━━━━━━━━━━━━━━━━[0m[37m━━━━[0m [1m2:25[0m 7s/step - accuracy: 0.9210 - dice_coeff: 0.9264 - iou_score: 0.9104 - loss: 0.2831 - precision: 0.9278 - recall: 0.9799
[1m106/125[0m [32m━━━━━━━━━━━━━━━━[0m[37m━━━━[0m [1m2:18[0m 7s/step - accuracy: 0.9210 - dice_coeff: 0.9264 - iou_score: 0.9104 - loss: 0.2831 - precision: 0.9278 - recall: 0.9799
[1m107/125[0m [32m━━━━━━━━━━━━━━━━━[0m[37m━━━[0m [1m2:10[0m 7s/step - accuracy: 0.9210 - dice_coeff: 0.9264 - iou_score: 0.9104 - loss: 0.2831 - precision: 0.9278 - recall: 0.9799
[1m108/125[0m [32m━━━━━━━━━━━━━━━━━[0m[37m━━━[0m [1m2:03[0m 7s/step - accuracy: 0.9210 - dice_coeff: 0.9264 - iou_score: 0.9104 - loss: 0.2831 - precision: 0.9278 - recall: 0.9799
[1m109/125[0m [32m━━━━━━━━━━━━━━━━━[0m[37m━━━[0m [1m1:56[0m 7s/step - accuracy: 0.9210 - dice_coeff: 0.9264 - iou_score: 0.9104 - loss: 0.2831 - precision: 0.9278 - recall: 0.9799
[1m110/125[0m [32m━━━━━━━━━━━━━━━━━[0m[37m━━━[0m [1m1:49[0m 7s/step - accuracy: 0.9210 - dice_coeff: 0.9264 - iou_score: 0.9104 - loss: 0.2831 - precision: 0.9278 - recall: 0.9799
[1m111/125[0m [32m━━━━━━━━━━━━━━━━━[0m[37m━━━[0m [1m1:42[0m 7s/step - accuracy: 0.9210 - dice_coeff: 0.9264 - iou_score: 0.9104 - loss: 0.2831 - precision: 0.9278 - recall: 0.9799
[1m112/125[0m [32m━━━━━━━━━━━━━━━━━[0m[37m━━━[0m [1m1:34[0m 7s/step - accuracy: 0.9210 - dice_coeff: 0.9264 - iou_score: 0.9104 - loss: 0.2831 - precision: 0.9278 - recall: 0.9799
[1m113/125[0m [32m━━━━━━━━━━━━━━━━━━[0m[37m━━[0m [1m1:27[0m 7s/step - accuracy: 0.9210 - dice_coeff: 0.9264 - iou_score: 0.9104 - loss: 0.2831 - precision: 0.9278 - recall: 0.9799
[1m114/125[0m [32m━━━━━━━━━━━━━━━━━━[0m[37m━━[0m [1m1:20[0m 7s/step - accuracy: 0.9210 - dice_coeff: 0.9264 - iou_score: 0.9104 - loss: 0.2831 - precision: 0.9278 - recall: 0.9799
[1m115/125[0m [32m━━━━━━━━━━━━━━━━━━[0m[37m━━[0m [1m1:13[0m 7s/step - accuracy: 0.9210 - dice_coeff: 0.9264 - iou_score: 0.9104 - loss: 0.2831 - precision: 0.9278 - recall: 0.9799
[1m116/125[0m [32m━━━━━━━━━━━━━━━━━━[0m[37m━━[0m [1m1:05[0m 7s/step - accuracy: 0.9210 - dice_coeff: 0.9264 - iou_score: 0.9104 - loss: 0.2831 - precision: 0.9278 - recall: 0.9799
[1m117/125[0m [32m━━━━━━━━━━━━━━━━━━[0m[37m━━[0m [1m58s[0m 7s/step - accuracy: 0.9210 - dice_coeff: 0.9264 - iou_score: 0.9104 - loss: 0.2831 - precision: 0.9278 - recall: 0.9799 
[1m118/125[0m [32m━━━━━━━━━━━━━━━━━━[0m[37m━━[0m [1m51s[0m 7s/step - accuracy: 0.9210 - dice_coeff: 0.9264 - iou_score: 0.9104 - loss: 0.2830 - precision: 0.9278 - recall: 0.9799
[1m119/125[0m [32m━━━━━━━━━━━━━━━━━━━[0m[37m━[0m [1m43s[0m 7s/step - accuracy: 0.9210 - dice_coeff: 0.9264 - iou_score: 0.9104 - loss: 0.2830 - precision: 0.9278 - recall: 0.9799
[1m120/125[0m [32m━━━━━━━━━━━━━━━━━━━[0m[37m━[0m [1m36s[0m 7s/step - accuracy: 0.9210 - dice_coeff: 0.9264 - iou_score: 0.9104 - loss: 0.2830 - precision: 0.9278 - recall: 0.9799
[1m121/125[0m [32m━━━━━━━━━━━━━━━━━━━[0m[37m━[0m [1m29s[0m 7s/step - accuracy: 0.9210 - dice_coeff: 0.9264 - iou_score: 0.9104 - loss: 0.2830 - precision: 0.9278 - recall: 0.9799
[1m122/125[0m [32m━━━━━━━━━━━━━━━━━━━[0m[37m━[0m [1m22s[0m 7s/step - accuracy: 0.9210 - dice_coeff: 0.9264 - iou_score: 0.9104 - loss: 0.2830 - precision: 0.9278 - recall: 0.9799
[1m123/125[0m [32m━━━━━━━━━━━━━━━━━━━[0m[37m━[0m [1m14s[0m 7s/step - accuracy: 0.9210 - dice_coeff: 0.9264 - iou_score: 0.9104 - loss: 0.2830 - precision: 0.9278 - recall: 0.9799
[1m124/125[0m [32m━━━━━━━━━━━━━━━━━━━[0m[37m━[0m [1m7s[0m 7s/step - accuracy: 0.9210 - dice_coeff: 0.9264 - iou_score: 0.9104 - loss: 0.2830 - precision: 0.9278 - recall: 0.9799 
[1m125/125[0m [32m━━━━━━━━━━━━━━━━━━━━[0m[37m[0m [1m0s[0m 7s/step - accuracy: 0.9210 - dice_coeff: 0.9264 - iou_score: 0.9104 - loss: 0.2830 - precision: 0.9278 - recall: 0.9799
Epoch 11: val_dice_coeff improved from None to 0.91607, saving model to d:\labdatanew@aniket\unet++\models\best_model.keras

Epoch 11: finished saving model to d:\labdatanew@aniket\unet++\models\best_model.keras

[1m125/125[0m [32m━━━━━━━━━━━━━━━━━━━━[0m[37m[0m [1m1031s[0m 8s/step - accuracy: 0.9214 - dice_coeff: 0.9269 - iou_score: 0.9109 - loss: 0.2810 - precision: 0.9284 - recall: 0.9798 - val_accuracy: 0.9045 - val_dice_coeff: 0.9161 - val_iou_score: 0.8912 - val_loss: 0.3310 - val_precision: 0.9035 - val_recall: 0.9849 - learning_rate: 5.0000e-05
Epoch 12/100
Traceback (most recent call last):
  File "d:\labdatanew@aniket\unet++\src\train.py", line 331, in <module>
    history = model.fit(
              ^^^^^^^^^^
  File "D:\labdatanew@aniket\.venv\Lib\site-packages\keras\src\utils\traceback_utils.py", line 117, in error_handler
    return fn(*args, **kwargs)
           ^^^^^^^^^^^^^^^^^^^
  File "D:\labdatanew@aniket\.venv\Lib\site-packages\keras\src\backend\tensorflow\trainer.py", line 399, in fit
    logs = self.train_function(iterator)
           ^^^^^^^^^^^^^^^^^^^^^^^^^^^^^
  File "D:\labdatanew@aniket\.venv\Lib\site-packages\keras\src\backend\tensorflow\trainer.py", line 241, in function
    opt_outputs = multi_step_on_iterator(iterator)
                  ^^^^^^^^^^^^^^^^^^^^^^^^^^^^^^^^
  File "D:\labdatanew@aniket\.venv\Lib\site-packages\tensorflow\python\util\traceback_utils.py", line 164, in error_handler
    return fn(*args, **kwargs)
           ^^^^^^^^^^^^^^^^^^^
  File "D:\labdatanew@aniket\.venv\Lib\site-packages\tensorflow\python\eager\polymorphic_function\polymorphic_function.py", line 833, in __call__
    result = self._call(*args, **kwds)
             ^^^^^^^^^^^^^^^^^^^^^^^^^
  File "D:\labdatanew@aniket\.venv\Lib\site-packages\tensorflow\python\eager\polymorphic_function\polymorphic_function.py", line 878, in _call
    results = tracing_compilation.call_function(
              ^^^^^^^^^^^^^^^^^^^^^^^^^^^^^^^^^^
  File "D:\labdatanew@aniket\.venv\Lib\site-packages\tensorflow\python\eager\polymorphic_function\tracing_compilation.py", line 139, in call_function
    return function._call_flat(  # pylint: disable=protected-access
           ^^^^^^^^^^^^^^^^^^^^^^^^^^^^^^^^^^^^^^^^^^^^^^^^^^^^^^^^
  File "D:\labdatanew@aniket\.venv\Lib\site-packages\tensorflow\python\eager\polymorphic_function\concrete_function.py", line 1322, in _call_flat
    return self._inference_function.call_preflattened(args)
           ^^^^^^^^^^^^^^^^^^^^^^^^^^^^^^^^^^^^^^^^^^^^^^^^
  File "D:\labdatanew@aniket\.venv\Lib\site-packages\tensorflow\python\eager\polymorphic_function\atomic_function.py", line 216, in call_preflattened
    flat_outputs = self.call_flat(*args)
                   ^^^^^^^^^^^^^^^^^^^^^
  File "D:\labdatanew@aniket\.venv\Lib\site-packages\tensorflow\python\eager\polymorphic_function\atomic_function.py", line 251, in call_flat
    outputs = self._bound_context.call_function(
              ^^^^^^^^^^^^^^^^^^^^^^^^^^^^^^^^^^
  File "D:\labdatanew@aniket\.venv\Lib\site-packages\tensorflow\python\eager\context.py", line 1688, in call_function
    outputs = execute.execute(
              ^^^^^^^^^^^^^^^^
  File "D:\labdatanew@aniket\.venv\Lib\site-packages\tensorflow\python\eager\execute.py", line 53, in quick_execute
    tensors = pywrap_tfe.TFE_Py_Execute(ctx._handle, device_name, op_name,
              ^^^^^^^^^^^^^^^^^^^^^^^^^^^^^^^^^^^^^^^^^^^^^^^^^^^^^^^^^^^^
KeyboardInterrupt
